Component: ARM Compiler 5.06 update 7 (build 960) Tool: armlink [4d3601]

==============================================================================

Section Cross References

    startup_stm32f407xx.o(STACK) refers (Special) to heapauxi.o(.text) for __use_two_region_memory
    startup_stm32f407xx.o(HEAP) refers (Special) to heapauxi.o(.text) for __use_two_region_memory
    startup_stm32f407xx.o(RESET) refers (Special) to heapauxi.o(.text) for __use_two_region_memory
    startup_stm32f407xx.o(RESET) refers to startup_stm32f407xx.o(STACK) for __initial_sp
    startup_stm32f407xx.o(RESET) refers to startup_stm32f407xx.o(.text) for Reset_Handler
    startup_stm32f407xx.o(RESET) refers to stm32f4xx_it.o(i.NMI_Handler) for NMI_Handler
    startup_stm32f407xx.o(RESET) refers to stm32f4xx_it.o(i.HardFault_Handler) for HardFault_Handler
    startup_stm32f407xx.o(RESET) refers to stm32f4xx_it.o(i.MemManage_Handler) for MemManage_Handler
    startup_stm32f407xx.o(RESET) refers to stm32f4xx_it.o(i.BusFault_Handler) for BusFault_Handler
    startup_stm32f407xx.o(RESET) refers to stm32f4xx_it.o(i.UsageFault_Handler) for UsageFault_Handler
    startup_stm32f407xx.o(RESET) refers to stm32f4xx_it.o(i.SVC_Handler) for SVC_Handler
    startup_stm32f407xx.o(RESET) refers to stm32f4xx_it.o(i.DebugMon_Handler) for DebugMon_Handler
    startup_stm32f407xx.o(RESET) refers to stm32f4xx_it.o(i.PendSV_Handler) for PendSV_Handler
    startup_stm32f407xx.o(RESET) refers to stm32f4xx_it.o(i.SysTick_Handler) for SysTick_Handler
    startup_stm32f407xx.o(RESET) refers to stm32f4xx_it.o(i.ADC_IRQHandler) for ADC_IRQHandler
    startup_stm32f407xx.o(RESET) refers to stm32f4xx_it.o(i.TIM3_IRQHandler) for TIM3_IRQHandler
    startup_stm32f407xx.o(RESET) refers to stm32f4xx_it.o(i.USART1_IRQHandler) for USART1_IRQHandler
    startup_stm32f407xx.o(RESET) refers to stm32f4xx_it.o(i.DMA2_Stream7_IRQHandler) for DMA2_Stream7_IRQHandler
    startup_stm32f407xx.o(.text) refers (Special) to heapauxi.o(.text) for __use_two_region_memory
    startup_stm32f407xx.o(.text) refers to system_stm32f4xx.o(i.SystemInit) for SystemInit
    startup_stm32f407xx.o(.text) refers to __main.o(!!!main) for __main
    startup_stm32f407xx.o(.text) refers to startup_stm32f407xx.o(HEAP) for Heap_Mem
    startup_stm32f407xx.o(.text) refers to startup_stm32f407xx.o(STACK) for Stack_Mem
    main.o(i.SystemClock_Config) refers to rt_memclr_w.o(.text) for __aeabi_memclr4
    main.o(i.SystemClock_Config) refers to stm32f4xx_hal_rcc.o(i.HAL_RCC_OscConfig) for HAL_RCC_OscConfig
    main.o(i.SystemClock_Config) refers to main.o(i.Error_Handler) for Error_Handler
    main.o(i.SystemClock_Config) refers to stm32f4xx_hal_rcc.o(i.HAL_RCC_ClockConfig) for HAL_RCC_ClockConfig
    main.o(i.main) refers to stm32f4xx_hal.o(i.HAL_Init) for HAL_Init
    main.o(i.main) refers to main.o(i.SystemClock_Config) for SystemClock_Config
    main.o(i.main) refers to gpio.o(i.MX_GPIO_Init) for MX_GPIO_Init
    main.o(i.main) refers to dma.o(i.MX_DMA_Init) for MX_DMA_Init
    main.o(i.main) refers to adc.o(i.MX_ADC1_Init) for MX_ADC1_Init
    main.o(i.main) refers to usart.o(i.MX_USART1_UART_Init) for MX_USART1_UART_Init
    main.o(i.main) refers to tim.o(i.MX_TIM3_Init) for MX_TIM3_Init
    main.o(i.main) refers to tim.o(i.MX_TIM1_Init) for MX_TIM1_Init
    main.o(i.main) refers to i2c.o(i.MX_I2C2_Init) for MX_I2C2_Init
    main.o(i.main) refers to tim.o(i.MX_TIM2_Init) for MX_TIM2_Init
    main.o(i.main) refers to iic_1.o(i.iic_init) for iic_init
    main.o(i.main) refers to myfoc .o(i.adc_uesr_Init) for adc_uesr_Init
    main.o(i.main) refers to myfoc .o(i.PWM_Init) for PWM_Init
    main.o(i.main) refers to stm32f4xx_hal.o(i.HAL_Delay) for HAL_Delay
    main.o(i.main) refers to as5600.o(i.Align_Sensor) for Align_Sensor
    main.o(i.main) refers to motor.o(i.velocity_PID_Config) for velocity_PID_Config
    main.o(i.main) refers to motor.o(i.angle_PID_Config) for angle_PID_Config
    main.o(i.main) refers to stm32f4xx_hal_tim.o(i.HAL_TIM_Base_Start_IT) for HAL_TIM_Base_Start_IT
    main.o(i.main) refers to stm32f4xx_hal_gpio.o(i.HAL_GPIO_WritePin) for HAL_GPIO_WritePin
    main.o(i.main) refers to motor.o(i.close_Angle_LOG) for close_Angle_LOG
    main.o(i.main) refers to tim.o(.bss) for htim3
    gpio.o(i.MX_GPIO_Init) refers to rt_memclr_w.o(.text) for __aeabi_memclr4
    gpio.o(i.MX_GPIO_Init) refers to stm32f4xx_hal_gpio.o(i.HAL_GPIO_WritePin) for HAL_GPIO_WritePin
    gpio.o(i.MX_GPIO_Init) refers to stm32f4xx_hal_gpio.o(i.HAL_GPIO_Init) for HAL_GPIO_Init
    adc.o(i.HAL_ADC_MspDeInit) refers to stm32f4xx_hal_gpio.o(i.HAL_GPIO_DeInit) for HAL_GPIO_DeInit
    adc.o(i.HAL_ADC_MspDeInit) refers to stm32f4xx_hal_cortex.o(i.HAL_NVIC_DisableIRQ) for HAL_NVIC_DisableIRQ
    adc.o(i.HAL_ADC_MspInit) refers to rt_memclr_w.o(.text) for __aeabi_memclr4
    adc.o(i.HAL_ADC_MspInit) refers to stm32f4xx_hal_gpio.o(i.HAL_GPIO_Init) for HAL_GPIO_Init
[...]
    __rt_lib_shutdown_stdio_1                0x080002b3   Thumb Code     0  libshutdown2.o(.ARM.Collect$$libshutdown$$00000006)
    __rt_lib_shutdown_user_alloc_1           0x080002b3   Thumb Code     0  libshutdown2.o(.ARM.Collect$$libshutdown$$0000000E)
    __rt_entry                               0x080002b5   Thumb Code     0  __rtentry.o(.ARM.Collect$$rtentry$$00000000)
    __rt_entry_presh_1                       0x080002b5   Thumb Code     0  __rtentry2.o(.ARM.Collect$$rtentry$$00000002)
    __rt_entry_sh                            0x080002b5   Thumb Code     0  __rtentry4.o(.ARM.Collect$$rtentry$$00000004)
    __rt_entry_li                            0x080002bb   Thumb Code     0  __rtentry2.o(.ARM.Collect$$rtentry$$0000000A)
    __rt_entry_postsh_1                      0x080002bb   Thumb Code     0  __rtentry2.o(.ARM.Collect$$rtentry$$00000009)
    __rt_entry_main                          0x080002bf   Thumb Code     0  __rtentry2.o(.ARM.Collect$$rtentry$$0000000D)
    __rt_entry_postli_1                      0x080002bf   Thumb Code     0  __rtentry2.o(.ARM.Collect$$rtentry$$0000000C)
    __rt_exit                                0x080002c7   Thumb Code     0  rtexit.o(.ARM.Collect$$rtexit$$00000000)
    __rt_exit_ls                             0x080002c9   Thumb Code     0  rtexit2.o(.ARM.Collect$$rtexit$$00000003)
    __rt_exit_prels_1                        0x080002c9   Thumb Code     0  rtexit2.o(.ARM.Collect$$rtexit$$00000002)
    __rt_exit_exit                           0x080002cd   Thumb Code     0  rtexit2.o(.ARM.Collect$$rtexit$$00000004)
    Reset_Handler                            0x080002d5   Thumb Code     8  startup_stm32f407xx.o(.text)
    CAN1_RX0_IRQHandler                      0x080002ef   Thumb Code     0  startup_stm32f407xx.o(.text)
    CAN1_RX1_IRQHandler                      0x080002ef   Thumb Code     0  startup_stm32f407xx.o(.text)
    CAN1_SCE_IRQHandler                      0x080002ef   Thumb Code     0  startup_stm32f407xx.o(.text)
    CAN1_TX_IRQHandler                       0x080002ef   Thumb Code     0  startup_stm32f407xx.o(.text)
    CAN2_RX0_IRQHandler                      0x080002ef   Thumb Code     0  startup_stm32f407xx.o(.text)
    CAN2_RX1_IRQHandler                      0x080002ef   Thumb Code     0  startup_stm32f407xx.o(.text)
    CAN2_SCE_IRQHandler                      0x080002ef   Thumb Code     0  startup_stm32f407xx.o(.text)
    CAN2_TX_IRQHandler                       0x080002ef   Thumb Code     0  startup_stm32f407xx.o(.text)
    DCMI_IRQHandler                          0x080002ef   Thumb Code     0  startup_stm32f407xx.o(.text)
    DMA1_Stream0_IRQHandler                  0x080002ef   Thumb Code     0  startup_stm32f407xx.o(.text)
    DMA1_Stream1_IRQHandler                  0x080002ef   Thumb Code     0  startup_stm32f407xx.o(.text)
    DMA1_Stream2_IRQHandler                  0x080002ef   Thumb Code     0  startup_stm32f407xx.o(.text)
    DMA1_Stream3_IRQHandler                  0x080002ef   Thumb Code     0  startup_stm32f407xx.o(.text)
    DMA1_Stream4_IRQHandler                  0x080002ef   Thumb Code     0  startup_stm32f407xx.o(.text)
    DMA1_Stream5_IRQHandler                  0x080002ef   Thumb Code     0  startup_stm32f407xx.o(.text)
    DMA1_Stream6_IRQHandler                  0x080002ef   Thumb Code     0  startup_stm32f407xx.o(.text)
    DMA1_Stream7_IRQHandler                  0x080002ef   Thumb Code     0  startup_stm32f407xx.o(.text)
    DMA2_Stream0_IRQHandler                  0x080002ef   Thumb Code     0  startup_stm32f407xx.o(.text)
    DMA2_Stream1_IRQHandler                  0x080002ef   Thumb Code     0  startup_stm32f407xx.o(.text)
    DMA2_Stream2_IRQHandler                  0x080002ef   Thumb Code     0  startup_stm32f407xx.o(.text)
    DMA2_Stream3_IRQHandler                  0x080002ef   Thumb Code     0  startup_stm32f407xx.o(.text)
    DMA2_Stream4_IRQHandler                  0x080002ef   Thumb Code     0  startup_stm32f407xx.o(.text)
    DMA2_Stream5_IRQHandler                  0x080002ef   Thumb Code     0  startup_stm32f407xx.o(.text)
    DMA2_Stream6_IRQHandler                  0x080002ef   Thumb Code     0  startup_stm32f407xx.o(.text)
    ETH_IRQHandler                           0x080002ef   Thumb Code     0  startup_stm32f407xx.o(.text)
    ETH_WKUP_IRQHandler                      0x080002ef   Thumb Code     0  startup_stm32f407xx.o(.text)
    EXTI0_IRQHandler                         0x080002ef   Thumb Code     0  startup_stm32f407xx.o(.text)
    EXTI15_10_IRQHandler                     0x080002ef   Thumb Code     0  startup_stm32f407xx.o(.text)
    EXTI1_IRQHandler                         0x080002ef   Thumb Code     0  startup_stm32f407xx.o(.text)
    EXTI2_IRQHandler                         0x080002ef   Thumb Code     0  startup_stm32f407xx.o(.text)
    EXTI3_IRQHandler                         0x080002ef   Thumb Code     0  startup_stm32f407xx.o(.text)
    EXTI4_IRQHandler                         0x080002ef   Thumb Code     0  startup_stm32f407xx.o(.text)
    EXTI9_5_IRQHandler                       0x080002ef   Thumb Code     0  startup_stm32f407xx.o(.text)
    FLASH_IRQHandler                         0x080002ef   Thumb Code     0  startup_stm32f407xx.o(.text)
    FMC_IRQHandler                           0x080002ef   Thumb Code     0  startup_stm32f407xx.o(.text)
    FPU_IRQHandler                           0x080002ef   Thumb Code     0  startup_stm32f407xx.o(.text)
    HASH_RNG_IRQHandler                      0x080002ef   Thumb Code     0  startup_stm32f407xx.o(.text)
    I2C1_ER_IRQHandler                       0x080002ef   Thumb Code     0  startup_stm32f407xx.o(.text)
    I2C1_EV_IRQHandler                       0x080002ef   Thumb Code     0  startup_stm32f407xx.o(.text)
    I2C2_ER_IRQHandler                       0x080002ef   Thumb Code     0  startup_stm32f407xx.o(.text)
    I2C2_EV_IRQHandler                       0x080002ef   Thumb Code     0  startup_stm32f407xx.o(.text)
    I2C3_ER_IRQHandler                       0x080002ef   Thumb Code     0  startup_stm32f407xx.o(.text)
    I2C3_EV_IRQHandler                       0x080002ef   Thumb Code     0  startup_stm32f407xx.o(.text)
    OTG_FS_IRQHandler                        0x080002ef   Thumb Code     0  startup_stm32f407xx.o(.text)
    OTG_FS_WKUP_IRQHandler                   0x080002ef   Thumb Code     0  startup_stm32f407xx.o(.text)
    OTG_HS_EP1_IN_IRQHandler                 0x080002ef   Thumb Code     0  startup_stm32f407xx.o(.text)
    OTG_HS_EP1_OUT_IRQHandler                0x080002ef   Thumb Code     0  startup_stm32f407xx.o(.text)
    OTG_HS_IRQHandler                        0x080002ef   Thumb Code     0  startup_stm32f407xx.o(.text)
    OTG_HS_WKUP_IRQHandler                   0x080002ef   Thumb Code     0  startup_stm32f407xx.o(.text)
    PVD_IRQHandler                           0x080002ef   Thumb Code     0  startup_stm32f407xx.o(.text)
    RCC_IRQHandler                           0x080002ef   Thumb Code     0  startup_stm32f407xx.o(.text)
    RTC_Alarm_IRQHandler                     0x080002ef   Thumb Code     0  startup_stm32f407xx.o(.text)
    RTC_WKUP_IRQHandler                      0x080002ef   Thumb Code     0  startup_stm32f407xx.o(.text)
    SDIO_IRQHandler                          0x080002ef   Thumb Code     0  startup_stm32f407xx.o(.text)
    SPI1_IRQHandler                          0x080002ef   Thumb Code     0  startup_stm32f407xx.o(.text)
    SPI2_IRQHandler                          0x080002ef   Thumb Code     0  startup_stm32f407xx.o(.text)
    SPI3_IRQHandler                          0x080002ef   Thumb Code     0  startup_stm32f407xx.o(.text)
    TAMP_STAMP_IRQHandler                    0x080002ef   Thumb Code     0  startup_stm32f407xx.o(.text)
    TIM1_BRK_TIM9_IRQHandler                 0x080002ef   Thumb Code     0  startup_stm32f407xx.o(.text)
    TIM1_CC_IRQHandler                       0x080002ef   Thumb Code     0  startup_stm32f407xx.o(.text)
    TIM1_TRG_COM_TIM11_IRQHandler            0x080002ef   Thumb Code     0  startup_stm32f407xx.o(.text)
    TIM1_UP_TIM10_IRQHandler                 0x080002ef   Thumb Code     0  startup_stm32f407xx.o(.text)
    TIM2_IRQHandler                          0x080002ef   Thumb Code     0  startup_stm32f407xx.o(.text)
    TIM4_IRQHandler                          0x080002ef   Thumb Code     0  startup_stm32f407xx.o(.text)
    TIM5_IRQHandler                          0x080002ef   Thumb Code     0  startup_stm32f407xx.o(.text)
    TIM6_DAC_IRQHandler                      0x080002ef   Thumb Code     0  startup_stm32f407xx.o(.text)
    TIM7_IRQHandler                          0x080002ef   Thumb Code     0  startup_stm32f407xx.o(.text)
    TIM8_BRK_TIM12_IRQHandler                0x080002ef   Thumb Code     0  startup_stm32f407xx.o(.text)
    TIM8_CC_IRQHandler                       0x080002ef   Thumb Code     0  startup_stm32f407xx.o(.text)
    TIM8_TRG_COM_TIM14_IRQHandler            0x080002ef   Thumb Code     0  startup_stm32f407xx.o(.text)
    TIM8_UP_TIM13_IRQHandler                 0x080002ef   Thumb Code     0  startup_stm32f407xx.o(.text)
    UART4_IRQHandler                         0x080002ef   Thumb Code     0  startup_stm32f407xx.o(.text)
    UART5_IRQHandler                         0x080002ef   Thumb Code     0  startup_stm32f407xx.o(.text)
    USART2_IRQHandler                        0x080002ef   Thumb Code     0  startup_stm32f407xx.o(.text)
    USART3_IRQHandler                        0x080002ef   Thumb Code     0  startup_stm32f407xx.o(.text)
    USART6_IRQHandler                        0x080002ef   Thumb Code     0  startup_stm32f407xx.o(.text)
    WWDG_IRQHandler                          0x080002ef   Thumb Code     0  startup_stm32f407xx.o(.text)
    __user_initial_stackheap                 0x080002f1   Thumb Code     0  startup_stm32f407xx.o(.text)
    __aeabi_uldivmod                         0x08000315   Thumb Code     0  lludivv7m.o(.text)
    _ll_udiv                                 0x08000315   Thumb Code   238  lludivv7m.o(.text)
    vsprintf                                 0x08000405   Thumb Code    32  vsprintf.o(.text)
    strlen                                   0x08000429   Thumb Code    62  strlen.o(.text)
    __aeabi_memclr4                          0x08000467   Thumb Code     0  rt_memclr_w.o(.text)
    __aeabi_memclr8                          0x08000467   Thumb Code     0  rt_memclr_w.o(.text)
    __rt_memclr_w                            0x08000467   Thumb Code    78  rt_memclr_w.o(.text)
    _memset_w                                0x0800046b   Thumb Code     0  rt_memclr_w.o(.text)
    __use_two_region_memory                  0x080004b5   Thumb Code     2  heapauxi.o(.text)
    __rt_heap_escrow$2region                 0x080004b7   Thumb Code     2  heapauxi.o(.text)
    __rt_heap_expand$2region                 0x080004b9   Thumb Code     2  heapauxi.o(.text)
    __read_errno                             0x080004bb   Thumb Code    10  _rserrno.o(.text)
    __set_errno                              0x080004c5   Thumb Code    12  _rserrno.o(.text)
    _printf_pre_padding                      0x080004d1   Thumb Code    44  _printf_pad.o(.text)
    _printf_post_padding                     0x080004fd   Thumb Code    34  _printf_pad.o(.text)
    _printf_truncate_signed                  0x0800051f   Thumb Code    18  _printf_truncate.o(.text)
    _printf_truncate_unsigned                0x08000531   Thumb Code    18  _printf_truncate.o(.text)
    _printf_str                              0x08000543   Thumb Code    82  _printf_str.o(.text)
    _printf_int_dec                          0x08000595   Thumb Code   104  _printf_dec.o(.text)
    _printf_charcount                        0x0800060d   Thumb Code    40  _printf_charcount.o(.text)
    _printf_char_common                      0x0800063f   Thumb Code    32  _printf_char_common.o(.text)
    _sputc                                   0x08000665   Thumb Code    10  _sputc.o(.text)
    _printf_wctomb                           0x08000671   Thumb Code   182  _printf_wctomb.o(.text)
    _printf_longlong_dec                     0x0800072d   Thumb Code   108  _printf_longlong_dec.o(.text)
    _printf_longlong_oct                     0x080007a9   Thumb Code    66  _printf_oct_int_ll.o(.text)
    _printf_int_oct                          0x080007eb   Thumb Code    24  _printf_oct_int_ll.o(.text)
    _printf_ll_oct                           0x08000803   Thumb Code    12  _printf_oct_int_ll.o(.text)
    _printf_longlong_hex                     0x08000819   Thumb Code    86  _printf_hex_int_ll_ptr.o(.text)
    _printf_int_hex                          0x0800086f   Thumb Code    28  _printf_hex_int_ll_ptr.o(.text)
    _printf_ll_hex                           0x0800088b   Thumb Code    12  _printf_hex_int_ll_ptr.o(.text)
    _printf_hex_ptr                          0x08000897   Thumb Code    18  _printf_hex_int_ll_ptr.o(.text)
    __printf                                 0x080008ad   Thumb Code   388  __printf_flags_ss_wp.o(.text)
    __aeabi_errno_addr                       0x08000a35   Thumb Code     8  rt_errno_addr_intlibspace.o(.text)
    __errno$intlibspace                      0x08000a35   Thumb Code     0  rt_errno_addr_intlibspace.o(.text)
    __rt_errno_addr$intlibspace              0x08000a35   Thumb Code     0  rt_errno_addr_intlibspace.o(.text)
    _ll_udiv10                               0x08000a3d   Thumb Code   138  lludiv10.o(.text)
    _printf_int_common                       0x08000ac7   Thumb Code   178  _printf_intcommon.o(.text)
    __lib_sel_fp_printf                      0x08000b79   Thumb Code     2  _printf_fp_dec.o(.text)
    _printf_fp_dec_real                      0x08000d2b   Thumb Code   620  _printf_fp_dec.o(.text)
    _printf_fp_hex_real                      0x08000f99   Thumb Code   756  _printf_fp_hex.o(.text)
    _printf_cs_common                        0x08001295   Thumb Code    20  _printf_char.o(.text)
    _printf_char                             0x080012a9   Thumb Code    16  _printf_char.o(.text)
    _printf_string                           0x080012b9   Thumb Code     8  _printf_char.o(.text)
    _printf_lcs_common                       0x080012c1   Thumb Code    20  _printf_wchar.o(.text)
    _printf_wchar                            0x080012d5   Thumb Code    16  _printf_wchar.o(.text)
    _printf_wstring                          0x080012e5   Thumb Code     8  _printf_wchar.o(.text)
    _wcrtomb                                 0x080012ed   Thumb Code    64  _wcrtomb.o(.text)
    __user_libspace                          0x0800132d   Thumb Code     8  libspace.o(.text)
    __user_perproc_libspace                  0x0800132d   Thumb Code     0  libspace.o(.text)
    __user_perthread_libspace                0x0800132d   Thumb Code     0  libspace.o(.text)
    __user_setup_stackheap                   0x08001335   Thumb Code    74  sys_stackheap_outer.o(.text)
    __rt_ctype_table                         0x08001381   Thumb Code    16  rt_ctype_table.o(.text)
    __rt_locale                              0x08001391   Thumb Code     8  rt_locale_intlibspace.o(.text)
    _printf_fp_infnan                        0x08001399   Thumb Code   112  _printf_fp_infnan.o(.text)
    _btod_etento                             0x08001419   Thumb Code   224  bigflt0.o(.text)
    exit                                     0x080014fd   Thumb Code    18  exit.o(.text)
    strcmp                                   0x08001511   Thumb Code   128  strcmpv7m.o(.text)
    _sys_exit                                0x08001591   Thumb Code     8  sys_exit.o(.text)
    __I$use$semihosting                      0x0800159d   Thumb Code     0  use_no_semi.o(.text)
    __use_no_semihosting_swi                 0x0800159d   Thumb Code     2  use_no_semi.o(.text)
    __semihosting_library_function           0x0800159f   Thumb Code     0  indicate_semi.o(.text)
    _btod_d2e                                0x0800159f   Thumb Code    62  btod.o(CL$$btod_d2e)
    _d2e_denorm_low                          0x080015dd   Thumb Code    70  btod.o(CL$$btod_d2e_denorm_low)
    _d2e_norm_op1                            0x08001623   Thumb Code    96  btod.o(CL$$btod_d2e_norm_op1)
    __btod_div_common                        0x08001683   Thumb Code   696  btod.o(CL$$btod_div_common)
    _e2e                                     0x080019bb   Thumb Code   220  btod.o(CL$$btod_e2e)
    _btod_ediv                               0x08001a97   Thumb Code    42  btod.o(CL$$btod_ediv)
    _btod_emul                               0x08001ac1   Thumb Code    42  btod.o(CL$$btod_emul)
    __btod_mult_common                       0x08001aeb   Thumb Code   580  btod.o(CL$$btod_mult_common)
    ADC_IRQHandler                           0x08001d31   Thumb Code    10  stm32f4xx_it.o(i.ADC_IRQHandler)
    AS5600_GetElectricalAngle                0x08001ea1   Thumb Code    42  as5600.o(i.AS5600_GetElectricalAngle)
    AS5600_GetFullAngle                      0x08001ed1   Thumb Code   116  as5600.o(i.AS5600_GetFullAngle)
    AS5600_GetRawAngle                       0x08001f59   Thumb Code    40  as5600.o(i.AS5600_GetRawAngle)
    AS5600_GetRawData                        0x08001f89   Thumb Code    12  as5600.o(i.AS5600_GetRawData)
    AS5600_GetVelocity                       0x08001f95   Thumb Code    82  as5600.o(i.AS5600_GetVelocity)
    AS5600_ReadOneByte                       0x08001ffd   Thumb Code    60  iic_1.o(i.AS5600_ReadOneByte)
    AS5600_ReadTwoByte                       0x08002039   Thumb Code    32  iic_1.o(i.AS5600_ReadTwoByte)
    Align_Sensor                             0x08002059   Thumb Code    58  as5600.o(i.Align_Sensor)
    BusFault_Handler                         0x0800209d   Thumb Code     4  stm32f4xx_it.o(i.BusFault_Handler)
    DMA2_Stream7_IRQHandler                  0x080020a1   Thumb Code    10  stm32f4xx_it.o(i.DMA2_Stream7_IRQHandler)
    DebugMon_Handler                         0x080021bb   Thumb Code     2  stm32f4xx_it.o(i.DebugMon_Handler)
    Error_Handler                            0x080021bd   Thumb Code     6  main.o(i.Error_Handler)
    FOC_log                                  0x080021c5   Thumb Code    62  serial.o(i.FOC_log)
    HAL_ADCEx_InjectedConfigChannel          0x08002209   Thumb Code   540  stm32f4xx_hal_adc_ex.o(i.HAL_ADCEx_InjectedConfigChannel)
    HAL_ADCEx_InjectedConvCpltCallback       0x08002431   Thumb Code   128  myfoc .o(i.HAL_ADCEx_InjectedConvCpltCallback)
    HAL_ADCEx_InjectedGetValue               0x080024cd   Thumb Code    70  stm32f4xx_hal_adc_ex.o(i.HAL_ADCEx_InjectedGetValue)
    HAL_ADCEx_InjectedStart                  0x08002515   Thumb Code   270  stm32f4xx_hal_adc_ex.o(i.HAL_ADCEx_InjectedStart)
    HAL_ADCEx_InjectedStart_IT               0x08002635   Thumb Code   282  stm32f4xx_hal_adc_ex.o(i.HAL_ADCEx_InjectedStart_IT)
    HAL_ADC_ConfigChannel                    0x08002761   Thumb Code   380  stm32f4xx_hal_adc.o(i.HAL_ADC_ConfigChannel)
    HAL_ADC_ConvCpltCallback                 0x080028ed   Thumb Code     2  stm32f4xx_hal_adc.o(i.HAL_ADC_ConvCpltCallback)
    HAL_ADC_ErrorCallback                    0x080028ef   Thumb Code     2  stm32f4xx_hal_adc.o(i.HAL_ADC_ErrorCallback)
    HAL_ADC_IRQHandler                       0x080028f1   Thumb Code   354  stm32f4xx_hal_adc.o(i.HAL_ADC_IRQHandler)
    HAL_ADC_Init                             0x08002a55   Thumb Code   100  stm32f4xx_hal_adc.o(i.HAL_ADC_Init)
    HAL_ADC_LevelOutOfWindowCallback         0x08002abd   Thumb Code     2  stm32f4xx_hal_adc.o(i.HAL_ADC_LevelOutOfWindowCallback)
    HAL_ADC_MspInit                          0x08002ac1   Thumb Code   130  adc.o(i.HAL_ADC_MspInit)
    HAL_DMA_Abort                            0x08002b51   Thumb Code   172  stm32f4xx_hal_dma.o(i.HAL_DMA_Abort)
    HAL_DMA_Abort_IT                         0x08002bfd   Thumb Code    40  stm32f4xx_hal_dma.o(i.HAL_DMA_Abort_IT)
    HAL_DMA_IRQHandler                       0x08002c25   Thumb Code   570  stm32f4xx_hal_dma.o(i.HAL_DMA_IRQHandler)
    HAL_DMA_Init                             0x08002e65   Thumb Code   232  stm32f4xx_hal_dma.o(i.HAL_DMA_Init)
    HAL_DMA_Start_IT                         0x08002f51   Thumb Code   146  stm32f4xx_hal_dma.o(i.HAL_DMA_Start_IT)
    HAL_Delay                                0x08002fe5   Thumb Code    36  stm32f4xx_hal.o(i.HAL_Delay)
    HAL_GPIO_Init                            0x0800300d   Thumb Code   454  stm32f4xx_hal_gpio.o(i.HAL_GPIO_Init)
    HAL_GPIO_ReadPin                         0x08003201   Thumb Code    16  stm32f4xx_hal_gpio.o(i.HAL_GPIO_ReadPin)
    HAL_GPIO_WritePin                        0x08003211   Thumb Code    12  stm32f4xx_hal_gpio.o(i.HAL_GPIO_WritePin)
    HAL_GetTick                              0x0800321d   Thumb Code     6  stm32f4xx_hal.o(i.HAL_GetTick)
    HAL_I2C_Init                             0x08003229   Thumb Code   446  stm32f4xx_hal_i2c.o(i.HAL_I2C_Init)
    HAL_I2C_MspInit                          0x080033f9   Thumb Code   122  i2c.o(i.HAL_I2C_MspInit)
    HAL_IncTick                              0x08003481   Thumb Code    16  stm32f4xx_hal.o(i.HAL_IncTick)
    HAL_Init                                 0x08003499   Thumb Code    54  stm32f4xx_hal.o(i.HAL_Init)
    HAL_InitTick                             0x080034d5   Thumb Code    64  stm32f4xx_hal.o(i.HAL_InitTick)
    HAL_MspInit                              0x08003521   Thumb Code    74  stm32f4xx_hal_msp.o(i.HAL_MspInit)
    HAL_NVIC_EnableIRQ                       0x08003571   Thumb Code    32  stm32f4xx_hal_cortex.o(i.HAL_NVIC_EnableIRQ)
    HAL_NVIC_SetPriority                     0x08003591   Thumb Code   124  stm32f4xx_hal_cortex.o(i.HAL_NVIC_SetPriority)
    HAL_NVIC_SetPriorityGrouping             0x0800360d   Thumb Code    32  stm32f4xx_hal_cortex.o(i.HAL_NVIC_SetPriorityGrouping)
    HAL_RCC_ClockConfig                      0x08003635   Thumb Code   368  stm32f4xx_hal_rcc.o(i.HAL_RCC_ClockConfig)
    HAL_RCC_GetHCLKFreq                      0x080037b9   Thumb Code     6  stm32f4xx_hal_rcc.o(i.HAL_RCC_GetHCLKFreq)
    HAL_RCC_GetPCLK1Freq                     0x080037c5   Thumb Code    22  stm32f4xx_hal_rcc.o(i.HAL_RCC_GetPCLK1Freq)
    HAL_RCC_GetPCLK2Freq                     0x080037e5   Thumb Code    22  stm32f4xx_hal_rcc.o(i.HAL_RCC_GetPCLK2Freq)
    HAL_RCC_GetSysClockFreq                  0x08003805   Thumb Code   162  stm32f4xx_hal_rcc.o(i.HAL_RCC_GetSysClockFreq)
    HAL_RCC_OscConfig                        0x080038b5   Thumb Code  1172  stm32f4xx_hal_rcc.o(i.HAL_RCC_OscConfig)
    HAL_SYSTICK_Config                       0x08003d51   Thumb Code    52  stm32f4xx_hal_cortex.o(i.HAL_SYSTICK_Config)
    HAL_TIMEx_BreakCallback                  0x08003d85   Thumb Code     2  stm32f4xx_hal_tim_ex.o(i.HAL_TIMEx_BreakCallback)
    HAL_TIMEx_CommutCallback                 0x08003d87   Thumb Code     2  stm32f4xx_hal_tim_ex.o(i.HAL_TIMEx_CommutCallback)
    HAL_TIMEx_ConfigBreakDeadTime            0x08003d89   Thumb Code   116  stm32f4xx_hal_tim_ex.o(i.HAL_TIMEx_ConfigBreakDeadTime)
    HAL_TIMEx_MasterConfigSynchronization    0x08003dfd   Thumb Code   150  stm32f4xx_hal_tim_ex.o(i.HAL_TIMEx_MasterConfigSynchronization)
    HAL_TIM_Base_Init                        0x08003eb1   Thumb Code   102  stm32f4xx_hal_tim.o(i.HAL_TIM_Base_Init)
    HAL_TIM_Base_MspInit                     0x08003f19   Thumb Code   228  tim.o(i.HAL_TIM_Base_MspInit)
    HAL_TIM_Base_Start_IT                    0x0800400d   Thumb Code   138  stm32f4xx_hal_tim.o(i.HAL_TIM_Base_Start_IT)
    HAL_TIM_ConfigClockSource                0x080040b5   Thumb Code   268  stm32f4xx_hal_tim.o(i.HAL_TIM_ConfigClockSource)
    HAL_TIM_IC_CaptureCallback               0x080041c1   Thumb Code     2  stm32f4xx_hal_tim.o(i.HAL_TIM_IC_CaptureCallback)
    HAL_TIM_IRQHandler                       0x080041c3   Thumb Code   406  stm32f4xx_hal_tim.o(i.HAL_TIM_IRQHandler)
    HAL_TIM_MspPostInit                      0x08004359   Thumb Code    86  tim.o(i.HAL_TIM_MspPostInit)
    HAL_TIM_OC_DelayElapsedCallback          0x080043bd   Thumb Code     2  stm32f4xx_hal_tim.o(i.HAL_TIM_OC_DelayElapsedCallback)
    HAL_TIM_PWM_ConfigChannel                0x080043bf   Thumb Code   260  stm32f4xx_hal_tim.o(i.HAL_TIM_PWM_ConfigChannel)
    HAL_TIM_PWM_Init                         0x080044c3   Thumb Code   102  stm32f4xx_hal_tim.o(i.HAL_TIM_PWM_Init)
    HAL_TIM_PWM_MspInit                      0x08004529   Thumb Code     2  stm32f4xx_hal_tim.o(i.HAL_TIM_PWM_MspInit)
    HAL_TIM_PWM_PulseFinishedCallback        0x0800452b   Thumb Code     2  stm32f4xx_hal_tim.o(i.HAL_TIM_PWM_PulseFinishedCallback)
    HAL_TIM_PWM_Start                        0x0800452d   Thumb Code   238  stm32f4xx_hal_tim.o(i.HAL_TIM_PWM_Start)
    HAL_TIM_PeriodElapsedCallback            0x08004639   Thumb Code     2  stm32f4xx_hal_tim.o(i.HAL_TIM_PeriodElapsedCallback)
    HAL_TIM_TriggerCallback                  0x0800463b   Thumb Code     2  stm32f4xx_hal_tim.o(i.HAL_TIM_TriggerCallback)
    HAL_UARTEx_RxEventCallback               0x0800463d   Thumb Code     2  stm32f4xx_hal_uart.o(i.HAL_UARTEx_RxEventCallback)
    HAL_UART_ErrorCallback                   0x0800463f   Thumb Code     2  stm32f4xx_hal_uart.o(i.HAL_UART_ErrorCallback)
    HAL_UART_GetState                        0x08004641   Thumb Code    20  stm32f4xx_hal_uart.o(i.HAL_UART_GetState)
    HAL_UART_IRQHandler                      0x08004655   Thumb Code   732  stm32f4xx_hal_uart.o(i.HAL_UART_IRQHandler)
    HAL_UART_Init                            0x08004935   Thumb Code   114  stm32f4xx_hal_uart.o(i.HAL_UART_Init)
    HAL_UART_MspInit                         0x080049a9   Thumb Code   200  usart.o(i.HAL_UART_MspInit)
    HAL_UART_RxCpltCallback                  0x08004a85   Thumb Code     2  stm32f4xx_hal_uart.o(i.HAL_UART_RxCpltCallback)
    HAL_UART_Transmit_DMA                    0x08004a89   Thumb Code   160  stm32f4xx_hal_uart.o(i.HAL_UART_Transmit_DMA)
    HAL_UART_TxCpltCallback                  0x08004b35   Thumb Code     2  stm32f4xx_hal_uart.o(i.HAL_UART_TxCpltCallback)
    HAL_UART_TxHalfCpltCallback              0x08004b37   Thumb Code     2  stm32f4xx_hal_uart.o(i.HAL_UART_TxHalfCpltCallback)
    HardFault_Handler                        0x08004b39   Thumb Code     4  stm32f4xx_it.o(i.HardFault_Handler)
    LowPassFilter                            0x08004b3d   Thumb Code    32  math_utils.o(i.LowPassFilter)
    MX_ADC1_Init                             0x08004b69   Thumb Code   188  adc.o(i.MX_ADC1_Init)
    MX_DMA_Init                              0x08004c31   Thumb Code    52  dma.o(i.MX_DMA_Init)
    MX_GPIO_Init                             0x08004c69   Thumb Code   294  gpio.o(i.MX_GPIO_Init)
    MX_I2C2_Init                             0x08004da1   Thumb Code    48  i2c.o(i.MX_I2C2_Init)
    MX_TIM1_Init                             0x08004ddd   Thumb Code   266  tim.o(i.MX_TIM1_Init)
    MX_TIM2_Init                             0x08004ef1   Thumb Code   100  tim.o(i.MX_TIM2_Init)
    MX_TIM3_Init                             0x08004f59   Thumb Code    98  tim.o(i.MX_TIM3_Init)
    MX_USART1_UART_Init                      0x08004fc5   Thumb Code    46  usart.o(i.MX_USART1_UART_Init)
    MemManage_Handler                        0x08004ffd   Thumb Code     4  stm32f4xx_it.o(i.MemManage_Handler)
    NMI_Handler                              0x08005001   Thumb Code     4  stm32f4xx_it.o(i.NMI_Handler)
    PIDCalculate                             0x08005005   Thumb Code   162  pid.o(i.PIDCalculate)
    PID_Init                                 0x080050a7   Thumb Code    22  pid.o(i.PID_Init)
    PWM_Init                                 0x080050bd   Thumb Code    28  myfoc .o(i.PWM_Init)
    PendSV_Handler                           0x080050dd   Thumb Code     2  stm32f4xx_it.o(i.PendSV_Handler)
    SVC_Handler                              0x080050df   Thumb Code     2  stm32f4xx_it.o(i.SVC_Handler)
    Set_PWM                                  0x080050e1   Thumb Code    68  myfoc .o(i.Set_PWM)
    SysTick_Handler                          0x0800512d   Thumb Code     8  stm32f4xx_it.o(i.SysTick_Handler)
    SystemClock_Config                       0x08005135   Thumb Code   170  main.o(i.SystemClock_Config)
    SystemInit                               0x080051e9   Thumb Code    14  system_stm32f4xx.o(i.SystemInit)
    TIM3_IRQHandler                          0x080051fd   Thumb Code    42  stm32f4xx_it.o(i.TIM3_IRQHandler)
    TIM_Base_SetConfig                       0x08005231   Thumb Code   170  stm32f4xx_hal_tim.o(i.TIM_Base_SetConfig)
    TIM_CCxChannelCmd                        0x08005309   Thumb Code    34  stm32f4xx_hal_tim.o(i.TIM_CCxChannelCmd)
    TIM_ETR_SetConfig                        0x0800532b   Thumb Code    22  stm32f4xx_hal_tim.o(i.TIM_ETR_SetConfig)
    TIM_OC2_SetConfig                        0x080053c5   Thumb Code   114  stm32f4xx_hal_tim.o(i.TIM_OC2_SetConfig)
    USART1_IRQHandler                        0x08005a5d   Thumb Code    10  stm32f4xx_it.o(i.USART1_IRQHandler)
    UsageFault_Handler                       0x08005a6d   Thumb Code     4  stm32f4xx_it.o(i.UsageFault_Handler)
    __ARM_fpclassify                         0x08005a71   Thumb Code    48  fpclassify.o(i.__ARM_fpclassify)
    __hardfp_fmod                            0x08005ad9   Thumb Code   254  fmod.o(i.__hardfp_fmod)
    __mathlib_dbl_invalid                    0x08005be1   Thumb Code    24  dunder.o(i.__mathlib_dbl_invalid)
    _is_digit                                0x08005c01   Thumb Code    14  __printf_wp.o(i._is_digit)
    _normalizeAngle                          0x08005c11   Thumb Code    88  math_utils.o(i._normalizeAngle)
    adc_calibrate_offset                     0x08005c75   Thumb Code   170  myfoc .o(i.adc_calibrate_offset)
    adc_uesr_Init                            0x08005d35   Thumb Code    52  myfoc .o(i.adc_uesr_Init)
    angle_PID_Config                         0x08005d7d   Thumb Code    90  motor.o(i.angle_PID_Config)
    arm_cos_f32                              0x08005ded   Thumb Code   132  arm_cos_f32.o(i.arm_cos_f32)
    arm_sin_f32                              0x08005e7d   Thumb Code   158  arm_sin_f32.o(i.arm_sin_f32)
    close_Angle_Control                      0x08005f2d   Thumb Code   122  motor.o(i.close_Angle_Control)
    close_Angle_LOG                          0x08005fc1   Thumb Code    82  motor.o(i.close_Angle_LOG)
    iic_ack                                  0x08006029   Thumb Code    76  iic_1.o(i.iic_ack)
    iic_init                                 0x08006089   Thumb Code   120  iic_1.o(i.iic_init)
    iic_nack                                 0x08006109   Thumb Code    58  iic_1.o(i.iic_nack)
    iic_read_byte                            0x08006149   Thumb Code    88  iic_1.o(i.iic_read_byte)
    iic_send_byte                            0x080061a5   Thumb Code   102  iic_1.o(i.iic_send_byte)
    iic_start                                0x08006211   Thumb Code    72  iic_1.o(i.iic_start)
    iic_stop                                 0x0800625d   Thumb Code    58  iic_1.o(i.iic_stop)
    iic_wait_ack                             0x0800629d   Thumb Code    96  iic_1.o(i.iic_wait_ack)
    main                                     0x08006301   Thumb Code   102  main.o(i.main)
    setPhaseVoltage                          0x08006371   Thumb Code   918  myfoc .o(i.setPhaseVoltage)
    velocity_PID_Config                      0x08006719   Thumb Code    90  motor.o(i.velocity_PID_Config)
    _get_lc_numeric                          0x08006789   Thumb Code    44  lc_numeric_c.o(locale$$code)
    _get_lc_ctype                            0x080067b5   Thumb Code    44  lc_ctype_c.o(locale$$code)
    __aeabi_d2f                              0x080067e1   Thumb Code     0  d2f.o(x$fpl$d2f)
    _d2f                                     0x080067e1   Thumb Code    98  d2f.o(x$fpl$d2f)
    __aeabi_dadd                             0x08006845   Thumb Code     0  daddsub_clz.o(x$fpl$dadd)
    _dadd                                    0x08006845   Thumb Code   332  daddsub_clz.o(x$fpl$dadd)
    __aeabi_ddiv                             0x08006995   Thumb Code     0  ddiv.o(x$fpl$ddiv)
    _ddiv                                    0x08006995   Thumb Code   552  ddiv.o(x$fpl$ddiv)
    __fpl_dnaninf                            0x08006c45   Thumb Code   156  dnaninf.o(x$fpl$dnaninf)
    _drem                                    0x08006ce1   Thumb Code   328  drem_clz.o(x$fpl$drem)
    __fpl_dretinf                            0x08006e31   Thumb Code    12  dretinf.o(x$fpl$dretinf)
    __aeabi_drsub                            0x08006e3d   Thumb Code     0  daddsub_clz.o(x$fpl$drsb)
    _drsb                                    0x08006e3d   Thumb Code    22  daddsub_clz.o(x$fpl$drsb)
    __aeabi_dsub                             0x08006e55   Thumb Code     0  daddsub_clz.o(x$fpl$dsub)
    _dsub                                    0x08006e55   Thumb Code   464  daddsub_clz.o(x$fpl$dsub)
    __aeabi_f2d                              0x08007029   Thumb Code     0  f2d.o(x$fpl$f2d)
    _f2d                                     0x08007029   Thumb Code    86  f2d.o(x$fpl$f2d)
    __fpl_fnaninf                            0x0800707f   Thumb Code   140  fnaninf.o(x$fpl$fnaninf)
    _fp_init                                 0x0800710b   Thumb Code    10  fpinit.o(x$fpl$fpinit)
    __fplib_config_fpu_vfp                   0x08007113   Thumb Code     0  fpinit.o(x$fpl$fpinit)
    __fplib_config_pureend_doubles           0x08007113   Thumb Code     0  fpinit.o(x$fpl$fpinit)
    __fpl_fretinf                            0x08007115   Thumb Code    10  fretinf.o(x$fpl$fretinf)
    _printf_fp_dec                           0x0800711f   Thumb Code     4  printf1.o(x$fpl$printf1)
    _printf_fp_hex                           0x08007123   Thumb Code     4  printf2.o(x$fpl$printf2)
    __I$use$fp                               0x08007126   Number         0  usenofp.o(x$fpl$usenofp)
    AHBPrescTable                            0x0800712e   Data          16  system_stm32f4xx.o(.constdata)
    APBPrescTable                            0x0800713e   Data           8  system_stm32f4xx.o(.constdata)
    armBitRevTable                           0x08007148   Data        2048  arm_common_tables.o(.constdata)
    twiddleCoef_16                           0x08007948   Data         128  arm_common_tables.o(.constdata)
    twiddleCoef_32                           0x080079c8   Data         256  arm_common_tables.o(.constdata)
    twiddleCoef_64                           0x08007ac8   Data         512  arm_common_tables.o(.constdata)
    twiddleCoef_128                          0x08007cc8   Data        1024  arm_common_tables.o(.constdata)
    twiddleCoef_256                          0x080080c8   Data        2048  arm_common_tables.o(.constdata)
    twiddleCoef_512                          0x080088c8   Data        4096  arm_common_tables.o(.constdata)
    twiddleCoef_1024                         0x080098c8   Data        8192  arm_common_tables.o(.constdata)
    twiddleCoef_2048                         0x0800b8c8   Data       16384  arm_common_tables.o(.constdata)
    twiddleCoef_4096                         0x0800f8c8   Data       32768  arm_common_tables.o(.constdata)
    twiddleCoef_16_q31                       0x080178c8   Data          96  arm_common_tables.o(.constdata)
    twiddleCoef_32_q31                       0x08017928   Data         192  arm_common_tables.o(.constdata)
    twiddleCoef_64_q31                       0x080179e8   Data         384  arm_common_tables.o(.constdata)
    twiddleCoef_128_q31                      0x08017b68   Data         768  arm_common_tables.o(.constdata)
    twiddleCoef_256_q31                      0x08017e68   Data        1536  arm_common_tables.o(.constdata)
    twiddleCoef_512_q31                      0x08018468   Data        3072  arm_common_tables.o(.constdata)
    twiddleCoef_1024_q31                     0x08019068   Data        6144  arm_common_tables.o(.constdata)
    twiddleCoef_2048_q31                     0x0801a868   Data       12288  arm_common_tables.o(.constdata)
    twiddleCoef_4096_q31                     0x0801d868   Data       24576  arm_common_tables.o(.constdata)
    twiddleCoef_16_q15                       0x08023868   Data          48  arm_common_tables.o(.constdata)
    twiddleCoef_32_q15                       0x08023898   Data          96  arm_common_tables.o(.constdata)
    twiddleCoef_64_q15                       0x080238f8   Data         192  arm_common_tables.o(.constdata)
    twiddleCoef_128_q15                      0x080239b8   Data         384  arm_common_tables.o(.constdata)
    twiddleCoef_256_q15                      0x08023b38   Data         768  arm_common_tables.o(.constdata)
    twiddleCoef_512_q15                      0x08023e38   Data        1536  arm_common_tables.o(.constdata)
    twiddleCoef_1024_q15                     0x08024438   Data        3072  arm_common_tables.o(.constdata)
    twiddleCoef_2048_q15                     0x08025038   Data        6144  arm_common_tables.o(.constdata)
    twiddleCoef_4096_q15                     0x08026838   Data       12288  arm_common_tables.o(.constdata)
    armRecipTableQ15                         0x08029838   Data         128  arm_common_tables.o(.constdata)
    armRecipTableQ31                         0x080298b8   Data         256  arm_common_tables.o(.constdata)
    armBitRevIndexTable16                    0x080299b8   Data          40  arm_common_tables.o(.constdata)
    armBitRevIndexTable32                    0x080299e0   Data          96  arm_common_tables.o(.constdata)
    armBitRevIndexTable64                    0x08029a40   Data         112  arm_common_tables.o(.constdata)
    armBitRevIndexTable128                   0x08029ab0   Data         416  arm_common_tables.o(.constdata)
    armBitRevIndexTable256                   0x08029c50   Data         880  arm_common_tables.o(.constdata)
    armBitRevIndexTable512                   0x08029fc0   Data         896  arm_common_tables.o(.constdata)
    armBitRevIndexTable1024                  0x0802a340   Data        3600  arm_common_tables.o(.constdata)
    armBitRevIndexTable2048                  0x0802b150   Data        7616  arm_common_tables.o(.constdata)
    armBitRevIndexTable4096                  0x0802cf10   Data        8064  arm_common_tables.o(.constdata)
    armBitRevIndexTable_fixed_16             0x0802ee90   Data          24  arm_common_tables.o(.constdata)
    armBitRevIndexTable_fixed_32             0x0802eea8   Data          48  arm_common_tables.o(.constdata)
    armBitRevIndexTable_fixed_64             0x0802eed8   Data         112  arm_common_tables.o(.constdata)
    armBitRevIndexTable_fixed_128            0x0802ef48   Data         224  arm_common_tables.o(.constdata)
    armBitRevIndexTable_fixed_256            0x0802f028   Data         480  arm_common_tables.o(.constdata)
    armBitRevIndexTable_fixed_512            0x0802f208   Data         960  arm_common_tables.o(.constdata)
    armBitRevIndexTable_fixed_1024           0x0802f5c8   Data        1984  arm_common_tables.o(.constdata)
    armBitRevIndexTable_fixed_2048           0x0802fd88   Data        3968  arm_common_tables.o(.constdata)
    armBitRevIndexTable_fixed_4096           0x08030d08   Data        8064  arm_common_tables.o(.constdata)
    twiddleCoef_rfft_32                      0x08032c88   Data         128  arm_common_tables.o(.constdata)
    twiddleCoef_rfft_64                      0x08032d08   Data         256  arm_common_tables.o(.constdata)
    twiddleCoef_rfft_128                     0x08032e08   Data         512  arm_common_tables.o(.constdata)
    twiddleCoef_rfft_256                     0x08033008   Data        1024  arm_common_tables.o(.constdata)
    twiddleCoef_rfft_512                     0x08033408   Data        2048  arm_common_tables.o(.constdata)
    twiddleCoef_rfft_1024                    0x08033c08   Data        4096  arm_common_tables.o(.constdata)
    twiddleCoef_rfft_2048                    0x08034c08   Data        8192  arm_common_tables.o(.constdata)
    twiddleCoef_rfft_4096                    0x08036c08   Data       16384  arm_common_tables.o(.constdata)
    sinTable_f32                             0x0803ac08   Data        2052  arm_common_tables.o(.constdata)
    sinTable_q31                             0x0803b40c   Data        2052  arm_common_tables.o(.constdata)
    sinTable_q15                             0x0803bc10   Data        1026  arm_common_tables.o(.constdata)
    Region$$Table$$Base                      0x0803c110   Number         0  anon$$obj.o(Region$$Table)
    Region$$Table$$Limit                     0x0803c130   Number         0  anon$$obj.o(Region$$Table)
    __ctype                                  0x0803c159   Data           0  lc_ctype_c.o(locale$$data)
    time                                     0x20000000   Data           4  stm32f4xx_it.o(.data)
    uwTick                                   0x20000004   Data           4  stm32f4xx_hal.o(.data)
    uwTickPrio                               0x20000008   Data           4  stm32f4xx_hal.o(.data)
    uwTickFreq                               0x2000000c   Data           1  stm32f4xx_hal.o(.data)
    SystemCoreClock                          0x20000010   Data           4  system_stm32f4xx.o(.data)
    Set_Velocity                             0x20000018   Data           4  motor.o(.data)
    actual_Velocity                          0x2000001c   Data           4  motor.o(.data)
    velocity_kp                              0x20000020   Data           4  motor.o(.data)
    velocity_ki                              0x20000024   Data           4  motor.o(.data)
    Set_Angle                                0x20000028   Data           4  motor.o(.data)
    actual_Angle                             0x2000002c   Data           4  motor.o(.data)
    angle_kp                                 0x20000030   Data           4  motor.o(.data)
    Iq_set                                   0x20000034   Data           4  motor.o(.data)
    Id_set                                   0x20000038   Data           4  motor.o(.data)
    current_gain                             0x20000044   Data           4  myfoc .o(.data)
    shunt_Resistor                           0x20000048   Data           4  myfoc .o(.data)
    TP181_Gain                               0x2000004c   Data           4  myfoc .o(.data)
    zero_offsetA                             0x20000050   Data           4  myfoc .o(.data)
    zero_offsetB                             0x20000054   Data           4  myfoc .o(.data)
    vref_voltage                             0x20000058   Data           4  myfoc .o(.data)
    Current_Ia                               0x2000005c   Data           4  myfoc .o(.data)
    Current_Ib                               0x20000060   Data           4  myfoc .o(.data)
    current_Iq                               0x20000064   Data           4  myfoc .o(.data)
    current_Id                               0x20000068   Data           4  myfoc .o(.data)
    zeroElectricAngleOffset                  0x20000070   Data           4  as5600.o(.data)
    rotationCount                            0x20000074   Data           4  as5600.o(.data)
    rotationCount_Last                       0x20000078   Data           4  as5600.o(.data)
    hadc1                                    0x20000084   Data          72  adc.o(.bss)
    hi2c2                                    0x200000cc   Data          84  i2c.o(.bss)
    htim1                                    0x20000120   Data          72  tim.o(.bss)
    htim2                                    0x20000168   Data          72  tim.o(.bss)
    htim3                                    0x200001b0   Data          72  tim.o(.bss)
    huart1                                   0x200001f8   Data          68  usart.o(.bss)
    hdma_usart1_tx                           0x2000023c   Data          96  usart.o(.bss)
    velocity_PID                             0x2000029c   Data          32  motor.o(.bss)
    current_Iq_PID                           0x200002bc   Data          32  motor.o(.bss)
    current_Id_PID                           0x200002dc   Data          32  motor.o(.bss)
    angle_PID                                0x200002fc   Data          32  motor.o(.bss)
    __libspace_start                         0x2000031c   Data          96  libspace.o(.bss)
    __temporary_stack_top$libspace           0x2000037c   Data           0  libspace.o(.bss)



==============================================================================

Memory Map of the image

  Image Entry point : 0x08000189

  Load Region LR_IROM1 (Base: 0x08000000, Size: 0x0003c2e0, Max: 0x00080000, ABSOLUTE)

    Execution Region ER_IROM1 (Exec base: 0x08000000, Load base: 0x08000000, Size: 0x0003c25c, Max: 0x00080000, ABSOLUTE)

    Exec Addr    Load Addr    Size         Type   Attr      Idx    E Section Name        Object

    0x08000000   0x08000000   0x00000188   Data   RO            3    RESET               startup_stm32f407xx.o
    0x08000188   0x08000188   0x00000008   Code   RO         4456  * !!!main             c_w.l(__main.o)
    0x08000190   0x08000190   0x00000034   Code   RO         4848    !!!scatter          c_w.l(__scatter.o)
    0x080001c4   0x080001c4   0x0000001a   Code   RO         4850    !!handler_copy      c_w.l(__scatter_copy.o)
    0x080001de   0x080001de   0x00000002   PAD
    0x080001e0   0x080001e0   0x0000001c   Code   RO         4852    !!handler_zi        c_w.l(__scatter_zi.o)
    0x080001fc   0x080001fc   0x00000000   Code   RO         4562    .ARM.Collect$$_printf_percent$$00000000  c_w.l(_printf_percent.o)
    0x080001fc   0x080001fc   0x00000006   Code   RO         4551    .ARM.Collect$$_printf_percent$$00000001  c_w.l(_printf_n.o)
    0x08000202   0x08000202   0x00000006   Code   RO         4553    .ARM.Collect$$_printf_percent$$00000002  c_w.l(_printf_p.o)
    0x08000208   0x08000208   0x00000006   Code   RO         4558    .ARM.Collect$$_printf_percent$$00000003  c_w.l(_printf_f.o)
    0x0800020e   0x0800020e   0x00000006   Code   RO         4559    .ARM.Collect$$_printf_percent$$00000004  c_w.l(_printf_e.o)
    0x08000214   0x08000214   0x00000006   Code   RO         4560    .ARM.Collect$$_printf_percent$$00000005  c_w.l(_printf_g.o)
    0x0800021a   0x0800021a   0x00000006   Code   RO         4561    .ARM.Collect$$_printf_percent$$00000006  c_w.l(_printf_a.o)
    0x08000220   0x08000220   0x0000000a   Code   RO         4566    .ARM.Collect$$_printf_percent$$00000007  c_w.l(_printf_ll.o)
    0x0800022a   0x0800022a   0x00000006   Code   RO         4555    .ARM.Collect$$_printf_percent$$00000008  c_w.l(_printf_i.o)
    0x08000230   0x08000230   0x00000006   Code   RO         4556    .ARM.Collect$$_printf_percent$$00000009  c_w.l(_printf_d.o)
    0x08000236   0x08000236   0x00000006   Code   RO         4557    .ARM.Collect$$_printf_percent$$0000000A  c_w.l(_printf_u.o)
    0x0800023c   0x0800023c   0x00000006   Code   RO         4554    .ARM.Collect$$_printf_percent$$0000000B  c_w.l(_printf_o.o)
    0x08000242   0x08000242   0x00000006   Code   RO         4552    .ARM.Collect$$_printf_percent$$0000000C  c_w.l(_printf_x.o)
    0x08000248   0x08000248   0x00000006   Code   RO         4563    .ARM.Collect$$_printf_percent$$0000000D  c_w.l(_printf_lli.o)
    0x0800024e   0x0800024e   0x00000006   Code   RO         4564    .ARM.Collect$$_printf_percent$$0000000E  c_w.l(_printf_lld.o)
    0x08000254   0x08000254   0x00000006   Code   RO         4565    .ARM.Collect$$_printf_percent$$0000000F  c_w.l(_printf_llu.o)
    0x0800025a   0x0800025a   0x00000006   Code   RO         4570    .ARM.Collect$$_printf_percent$$00000010  c_w.l(_printf_llo.o)
    0x08000260   0x08000260   0x00000006   Code   RO         4571    .ARM.Collect$$_printf_percent$$00000011  c_w.l(_printf_llx.o)
    0x08000266   0x08000266   0x0000000a   Code   RO         4567    .ARM.Collect$$_printf_percent$$00000012  c_w.l(_printf_l.o)
    0x08000270   0x08000270   0x00000006   Code   RO         4549    .ARM.Collect$$_printf_percent$$00000013  c_w.l(_printf_c.o)
    0x08000276   0x08000276   0x00000006   Code   RO         4550    .ARM.Collect$$_printf_percent$$00000014  c_w.l(_printf_s.o)
    0x0800027c   0x0800027c   0x00000006   Code   RO         4568    .ARM.Collect$$_printf_percent$$00000015  c_w.l(_printf_lc.o)
    0x08000282   0x08000282   0x00000006   Code   RO         4569    .ARM.Collect$$_printf_percent$$00000016  c_w.l(_printf_ls.o)
    0x08000288   0x08000288   0x00000004   Code   RO         4648    .ARM.Collect$$_printf_percent$$00000017  c_w.l(_printf_percent_end.o)
    0x0800028c   0x0800028c   0x00000002   Code   RO         4710    .ARM.Collect$$libinit$$00000000  c_w.l(libinit.o)
    0x0800028e   0x0800028e   0x00000004   Code   RO         4728    .ARM.Collect$$libinit$$00000001  c_w.l(libinit2.o)
    0x08000292   0x08000292   0x00000000   Code   RO         4731    .ARM.Collect$$libinit$$00000004  c_w.l(libinit2.o)
    0x08000292   0x08000292   0x00000000   Code   RO         4734    .ARM.Collect$$libinit$$0000000A  c_w.l(libinit2.o)
    0x08000292   0x08000292   0x00000000   Code   RO         4736    .ARM.Collect$$libinit$$0000000C  c_w.l(libinit2.o)
    0x08000292   0x08000292   0x00000000   Code   RO         4738    .ARM.Collect$$libinit$$0000000E  c_w.l(libinit2.o)
    0x08000292   0x08000292   0x00000006   Code   RO         4739    .ARM.Collect$$libinit$$0000000F  c_w.l(libinit2.o)
    0x08000298   0x08000298   0x00000000   Code   RO         4741    .ARM.Collect$$libinit$$00000011  c_w.l(libinit2.o)
    0x08000298   0x08000298   0x0000000c   Code   RO         4742    .ARM.Collect$$libinit$$00000012  c_w.l(libinit2.o)
    0x080002a4   0x080002a4   0x00000000   Code   RO         4743    .ARM.Collect$$libinit$$00000013  c_w.l(libinit2.o)
    0x080002a4   0x080002a4   0x00000000   Code   RO         4745    .ARM.Collect$$libinit$$00000015  c_w.l(libinit2.o)
    0x080002a4   0x080002a4   0x0000000a   Code   RO         4746    .ARM.Collect$$libinit$$00000016  c_w.l(libinit2.o)
    0x080002ae   0x080002ae   0x00000000   Code   RO         4747    .ARM.Collect$$libinit$$00000017  c_w.l(libinit2.o)
    0x080002ae   0x080002ae   0x00000000   Code   RO         4749    .ARM.Collect$$libinit$$00000019  c_w.l(libinit2.o)
    0x080002ae   0x080002ae   0x00000000   Code   RO         4751    .ARM.Collect$$libinit$$0000001B  c_w.l(libinit2.o)
    0x080002ae   0x080002ae   0x00000000   Code   RO         4753    .ARM.Collect$$libinit$$0000001D  c_w.l(libinit2.o)
    0x080002ae   0x080002ae   0x00000000   Code   RO         4755    .ARM.Collect$$libinit$$0000001F  c_w.l(libinit2.o)
    0x080002ae   0x080002ae   0x00000000   Code   RO         4757    .ARM.Collect$$libinit$$00000021  c_w.l(libinit2.o)
    0x080002ae   0x080002ae   0x00000000   Code   RO         4759    .ARM.Collect$$libinit$$00000023  c_w.l(libinit2.o)
    0x080002ae   0x080002ae   0x00000000   Code   RO         4761    .ARM.Collect$$libinit$$00000025  c_w.l(libinit2.o)
    0x080002ae   0x080002ae   0x00000000   Code   RO         4765    .ARM.Collect$$libinit$$0000002C  c_w.l(libinit2.o)
    0x080002ae   0x080002ae   0x00000000   Code   RO         4767    .ARM.Collect$$libinit$$0000002E  c_w.l(libinit2.o)
    0x080002ae   0x080002ae   0x00000000   Code   RO         4769    .ARM.Collect$$libinit$$00000030  c_w.l(libinit2.o)
    0x080002ae   0x080002ae   0x00000000   Code   RO         4771    .ARM.Collect$$libinit$$00000032  c_w.l(libinit2.o)
    0x080002ae   0x080002ae   0x00000002   Code   RO         4772    .ARM.Collect$$libinit$$00000033  c_w.l(libinit2.o)
    0x080002b0   0x080002b0   0x00000002   Code   RO         4803    .ARM.Collect$$libshutdown$$00000000  c_w.l(libshutdown.o)
    0x080002b2   0x080002b2   0x00000000   Code   RO         4829    .ARM.Collect$$libshutdown$$00000002  c_w.l(libshutdown2.o)
    0x080002b2   0x080002b2   0x00000000   Code   RO         4831    .ARM.Collect$$libshutdown$$00000004  c_w.l(libshutdown2.o)
    0x080002b2   0x080002b2   0x00000000   Code   RO         4833    .ARM.Collect$$libshutdown$$00000006  c_w.l(libshutdown2.o)
    0x080002b2   0x080002b2   0x00000000   Code   RO         4836    .ARM.Collect$$libshutdown$$00000009  c_w.l(libshutdown2.o)
    0x080002b2   0x080002b2   0x00000000   Code   RO         4839    .ARM.Collect$$libshutdown$$0000000C  c_w.l(libshutdown2.o)
    0x080002b2   0x080002b2   0x00000000   Code   RO         4841    .ARM.Collect$$libshutdown$$0000000E  c_w.l(libshutdown2.o)
    0x080002b2   0x080002b2   0x00000000   Code   RO         4844    .ARM.Collect$$libshutdown$$00000011  c_w.l(libshutdown2.o)
    0x080002b2   0x080002b2   0x00000002   Code   RO         4845    .ARM.Collect$$libshutdown$$00000012  c_w.l(libshutdown2.o)
    0x080002b4   0x080002b4   0x00000000   Code   RO         4474    .ARM.Collect$$rtentry$$00000000  c_w.l(__rtentry.o)
    0x080002b4   0x080002b4   0x00000000   Code   RO         4612    .ARM.Collect$$rtentry$$00000002  c_w.l(__rtentry2.o)
    0x080002b4   0x080002b4   0x00000006   Code   RO         4624    .ARM.Collect$$rtentry$$00000004  c_w.l(__rtentry4.o)
    0x080002ba   0x080002ba   0x00000000   Code   RO         4614    .ARM.Collect$$rtentry$$00000009  c_w.l(__rtentry2.o)
    0x080002ba   0x080002ba   0x00000004   Code   RO         4615    .ARM.Collect$$rtentry$$0000000A  c_w.l(__rtentry2.o)
    0x080002be   0x080002be   0x00000000   Code   RO         4617    .ARM.Collect$$rtentry$$0000000C  c_w.l(__rtentry2.o)
    0x080002be   0x080002be   0x00000008   Code   RO         4618    .ARM.Collect$$rtentry$$0000000D  c_w.l(__rtentry2.o)
    0x080002c6   0x080002c6   0x00000002   Code   RO         4715    .ARM.Collect$$rtexit$$00000000  c_w.l(rtexit.o)
    0x080002c8   0x080002c8   0x00000000   Code   RO         4776    .ARM.Collect$$rtexit$$00000002  c_w.l(rtexit2.o)
    0x080002c8   0x080002c8   0x00000004   Code   RO         4777    .ARM.Collect$$rtexit$$00000003  c_w.l(rtexit2.o)
    0x080002cc   0x080002cc   0x00000006   Code   RO         4778    .ARM.Collect$$rtexit$$00000004  c_w.l(rtexit2.o)
    0x080002d2   0x080002d2   0x00000002   PAD
    0x080002d4   0x080002d4   0x00000040   Code   RO            4    .text               startup_stm32f407xx.o
    0x08000314   0x08000314   0x000000ee   Code   RO         4446    .text               c_w.l(lludivv7m.o)
    0x08000402   0x08000402   0x00000002   PAD
    0x08000404   0x08000404   0x00000024   Code   RO         4448    .text               c_w.l(vsprintf.o)
    0x08000428   0x08000428   0x0000003e   Code   RO         4450    .text               c_w.l(strlen.o)
    0x08000466   0x08000466   0x0000004e   Code   RO         4452    .text               c_w.l(rt_memclr_w.o)
    0x080004b4   0x080004b4   0x00000006   Code   RO         4454    .text               c_w.l(heapauxi.o)
    0x080004ba   0x080004ba   0x00000016   Code   RO         4479    .text               c_w.l(_rserrno.o)
    0x080004d0   0x080004d0   0x0000004e   Code   RO         4483    .text               c_w.l(_printf_pad.o)
    0x0800051e   0x0800051e   0x00000024   Code   RO         4485    .text               c_w.l(_printf_truncate.o)
    0x08000542   0x08000542   0x00000052   Code   RO         4487    .text               c_w.l(_printf_str.o)
    0x08000594   0x08000594   0x00000078   Code   RO         4489    .text               c_w.l(_printf_dec.o)
    0x0800060c   0x0800060c   0x00000028   Code   RO         4491    .text               c_w.l(_printf_charcount.o)
    0x08000634   0x08000634   0x00000030   Code   RO         4493    .text               c_w.l(_printf_char_common.o)
    0x08000664   0x08000664   0x0000000a   Code   RO         4495    .text               c_w.l(_sputc.o)
    0x0800066e   0x0800066e   0x00000002   PAD
    0x08000670   0x08000670   0x000000bc   Code   RO         4497    .text               c_w.l(_printf_wctomb.o)
    0x0800072c   0x0800072c   0x0000007c   Code   RO         4500    .text               c_w.l(_printf_longlong_dec.o)
    0x080007a8   0x080007a8   0x00000070   Code   RO         4506    .text               c_w.l(_printf_oct_int_ll.o)
    0x08000818   0x08000818   0x00000094   Code   RO         4526    .text               c_w.l(_printf_hex_int_ll_ptr.o)
    0x080008ac   0x080008ac   0x00000188   Code   RO         4546    .text               c_w.l(__printf_flags_ss_wp.o)
    0x08000a34   0x08000a34   0x00000008   Code   RO         4631    .text               c_w.l(rt_errno_addr_intlibspace.o)
    0x08000a3c   0x08000a3c   0x0000008a   Code   RO         4633    .text               c_w.l(lludiv10.o)
    0x08000ac6   0x08000ac6   0x000000b2   Code   RO         4635    .text               c_w.l(_printf_intcommon.o)
    0x08000b78   0x08000b78   0x0000041e   Code   RO         4637    .text               c_w.l(_printf_fp_dec.o)
    0x08000f96   0x08000f96   0x00000002   PAD
    0x08000f98   0x08000f98   0x000002fc   Code   RO         4639    .text               c_w.l(_printf_fp_hex.o)
    0x08001294   0x08001294   0x0000002c   Code   RO         4644    .text               c_w.l(_printf_char.o)
    0x080012c0   0x080012c0   0x0000002c   Code   RO         4646    .text               c_w.l(_printf_wchar.o)
    0x080012ec   0x080012ec   0x00000040   Code   RO         4649    .text               c_w.l(_wcrtomb.o)
    0x0800132c   0x0800132c   0x00000008   Code   RO         4657    .text               c_w.l(libspace.o)
    0x08001334   0x08001334   0x0000004a   Code   RO         4660    .text               c_w.l(sys_stackheap_outer.o)
    0x0800137e   0x0800137e   0x00000002   PAD
    0x08001380   0x08001380   0x00000010   Code   RO         4662    .text               c_w.l(rt_ctype_table.o)
    0x08001390   0x08001390   0x00000008   Code   RO         4667    .text               c_w.l(rt_locale_intlibspace.o)
    0x08001398   0x08001398   0x00000080   Code   RO         4669    .text               c_w.l(_printf_fp_infnan.o)
    0x08001418   0x08001418   0x000000e4   Code   RO         4671    .text               c_w.l(bigflt0.o)
    0x080014fc   0x080014fc   0x00000012   Code   RO         4699    .text               c_w.l(exit.o)
    0x0800150e   0x0800150e   0x00000002   PAD
    0x08001510   0x08001510   0x00000080   Code   RO         4726    .text               c_w.l(strcmpv7m.o)
    0x08001590   0x08001590   0x0000000c   Code   RO         4773    .text               c_w.l(sys_exit.o)
    0x0800159c   0x0800159c   0x00000002   Code   RO         4792    .text               c_w.l(use_no_semi.o)
    0x0800159e   0x0800159e   0x00000000   Code   RO         4794    .text               c_w.l(indicate_semi.o)
    0x0800159e   0x0800159e   0x0000003e   Code   RO         4674    CL$$btod_d2e        c_w.l(btod.o)
    0x080015dc   0x080015dc   0x00000046   Code   RO         4676    CL$$btod_d2e_denorm_low  c_w.l(btod.o)
    0x08001622   0x08001622   0x00000060   Code   RO         4675    CL$$btod_d2e_norm_op1  c_w.l(btod.o)
    0x08001682   0x08001682   0x00000338   Code   RO         4684    CL$$btod_div_common  c_w.l(btod.o)
    0x080019ba   0x080019ba   0x000000dc   Code   RO         4681    CL$$btod_e2e        c_w.l(btod.o)
    0x08001a96   0x08001a96   0x0000002a   Code   RO         4678    CL$$btod_ediv       c_w.l(btod.o)
    0x08001ac0   0x08001ac0   0x0000002a   Code   RO         4677    CL$$btod_emul       c_w.l(btod.o)
    0x08001aea   0x08001aea   0x00000244   Code   RO         4683    CL$$btod_mult_common  c_w.l(btod.o)
    0x08001d2e   0x08001d2e   0x00000002   PAD
    0x08001d30   0x08001d30   0x00000010   Code   RO          450    i.ADC_IRQHandler    stm32f4xx_it.o
    0x08001d40   0x08001d40   0x00000160   Code   RO          587    i.ADC_Init          stm32f4xx_hal_adc.o
    0x08001ea0   0x08001ea0   0x00000030   Code   RO         4165    i.AS5600_GetElectricalAngle  as5600.o
    0x08001ed0   0x08001ed0   0x00000088   Code   RO         4166    i.AS5600_GetFullAngle  as5600.o
    0x08001f58   0x08001f58   0x00000030   Code   RO         4167    i.AS5600_GetRawAngle  as5600.o
    0x08001f88   0x08001f88   0x0000000c   Code   RO         4168    i.AS5600_GetRawData  as5600.o
    0x08001f94   0x08001f94   0x00000068   Code   RO         4169    i.AS5600_GetVelocity  as5600.o
    0x08001ffc   0x08001ffc   0x0000003c   Code   RO         4242    i.AS5600_ReadOneByte  iic_1.o
    0x08002038   0x08002038   0x00000020   Code   RO         4243    i.AS5600_ReadTwoByte  iic_1.o
    0x08002058   0x08002058   0x00000044   Code   RO         4171    i.Align_Sensor      as5600.o
    0x0800209c   0x0800209c   0x00000004   Code   RO          451    i.BusFault_Handler  stm32f4xx_it.o
    0x080020a0   0x080020a0   0x00000010   Code   RO          452    i.DMA2_Stream7_IRQHandler  stm32f4xx_it.o
    0x080020b0   0x080020b0   0x00000034   Code   RO         1366    i.DMA_CalcBaseAndBitshift  stm32f4xx_hal_dma.o
    0x080020e4   0x080020e4   0x000000aa   Code   RO         1367    i.DMA_CheckFifoParam  stm32f4xx_hal_dma.o
    0x0800218e   0x0800218e   0x0000002c   Code   RO         1368    i.DMA_SetConfig     stm32f4xx_hal_dma.o
    0x080021ba   0x080021ba   0x00000002   Code   RO          453    i.DebugMon_Handler  stm32f4xx_it.o
    0x080021bc   0x080021bc   0x00000006   Code   RO           13    i.Error_Handler     main.o
    0x080021c2   0x080021c2   0x00000002   PAD
    0x080021c4   0x080021c4   0x00000044   Code   RO         4064    i.FOC_log           serial.o
    0x08002208   0x08002208   0x00000228   Code   RO          757    i.HAL_ADCEx_InjectedConfigChannel  stm32f4xx_hal_adc_ex.o
    0x08002430   0x08002430   0x0000009c   Code   RO         4101    i.HAL_ADCEx_InjectedConvCpltCallback  myfoc .o
    0x080024cc   0x080024cc   0x00000046   Code   RO          759    i.HAL_ADCEx_InjectedGetValue  stm32f4xx_hal_adc_ex.o
    0x08002512   0x08002512   0x00000002   PAD
    0x08002514   0x08002514   0x00000120   Code   RO          761    i.HAL_ADCEx_InjectedStart  stm32f4xx_hal_adc_ex.o
    0x08002634   0x08002634   0x0000012c   Code   RO          762    i.HAL_ADCEx_InjectedStart_IT  stm32f4xx_hal_adc_ex.o
    0x08002760   0x08002760   0x0000018c   Code   RO          589    i.HAL_ADC_ConfigChannel  stm32f4xx_hal_adc.o
    0x080028ec   0x080028ec   0x00000002   Code   RO          590    i.HAL_ADC_ConvCpltCallback  stm32f4xx_hal_adc.o
    0x080028ee   0x080028ee   0x00000002   Code   RO          593    i.HAL_ADC_ErrorCallback  stm32f4xx_hal_adc.o
    0x080028f0   0x080028f0   0x00000162   Code   RO          597    i.HAL_ADC_IRQHandler  stm32f4xx_hal_adc.o
    0x08002a52   0x08002a52   0x00000002   PAD
    0x08002a54   0x08002a54   0x00000068   Code   RO          598    i.HAL_ADC_Init      stm32f4xx_hal_adc.o
    0x08002abc   0x08002abc   0x00000002   Code   RO          599    i.HAL_ADC_LevelOutOfWindowCallback  stm32f4xx_hal_adc.o
    0x08002abe   0x08002abe   0x00000002   PAD
    0x08002ac0   0x08002ac0   0x00000090   Code   RO          241    i.HAL_ADC_MspInit   adc.o
    0x08002b50   0x08002b50   0x000000ac   Code   RO         1369    i.HAL_DMA_Abort     stm32f4xx_hal_dma.o
    0x08002bfc   0x08002bfc   0x00000028   Code   RO         1370    i.HAL_DMA_Abort_IT  stm32f4xx_hal_dma.o
    0x08002c24   0x08002c24   0x00000240   Code   RO         1374    i.HAL_DMA_IRQHandler  stm32f4xx_hal_dma.o
    0x08002e64   0x08002e64   0x000000ec   Code   RO         1375    i.HAL_DMA_Init      stm32f4xx_hal_dma.o
    0x08002f50   0x08002f50   0x00000092   Code   RO         1379    i.HAL_DMA_Start_IT  stm32f4xx_hal_dma.o
    0x08002fe2   0x08002fe2   0x00000002   PAD
    0x08002fe4   0x08002fe4   0x00000028   Code   RO         1793    i.HAL_Delay         stm32f4xx_hal.o
    0x0800300c   0x0800300c   0x000001f4   Code   RO         1262    i.HAL_GPIO_Init     stm32f4xx_hal_gpio.o
    0x08003200   0x08003200   0x00000010   Code   RO         1264    i.HAL_GPIO_ReadPin  stm32f4xx_hal_gpio.o
    0x08003210   0x08003210   0x0000000c   Code   RO         1266    i.HAL_GPIO_WritePin  stm32f4xx_hal_gpio.o
    0x0800321c   0x0800321c   0x0000000c   Code   RO         1799    i.HAL_GetTick       stm32f4xx_hal.o
    0x08003228   0x08003228   0x000001d0   Code   RO         2055    i.HAL_I2C_Init      stm32f4xx_hal_i2c.o
    0x080033f8   0x080033f8   0x00000088   Code   RO          307    i.HAL_I2C_MspInit   i2c.o
    0x08003480   0x08003480   0x00000018   Code   RO         1805    i.HAL_IncTick       stm32f4xx_hal.o
    0x08003498   0x08003498   0x0000003c   Code   RO         1806    i.HAL_Init          stm32f4xx_hal.o
    0x080034d4   0x080034d4   0x0000004c   Code   RO         1807    i.HAL_InitTick      stm32f4xx_hal.o
    0x08003520   0x08003520   0x00000050   Code   RO          560    i.HAL_MspInit       stm32f4xx_hal_msp.o
    0x08003570   0x08003570   0x00000020   Code   RO         1651    i.HAL_NVIC_EnableIRQ  stm32f4xx_hal_cortex.o
    0x08003590   0x08003590   0x0000007c   Code   RO         1657    i.HAL_NVIC_SetPriority  stm32f4xx_hal_cortex.o
    0x0800360c   0x0800360c   0x00000028   Code   RO         1658    i.HAL_NVIC_SetPriorityGrouping  stm32f4xx_hal_cortex.o
    0x08003634   0x08003634   0x00000184   Code   RO          863    i.HAL_RCC_ClockConfig  stm32f4xx_hal_rcc.o
    0x080037b8   0x080037b8   0x0000000c   Code   RO          868    i.HAL_RCC_GetHCLKFreq  stm32f4xx_hal_rcc.o
    0x080037c4   0x080037c4   0x00000020   Code   RO          870    i.HAL_RCC_GetPCLK1Freq  stm32f4xx_hal_rcc.o
    0x080037e4   0x080037e4   0x00000020   Code   RO          871    i.HAL_RCC_GetPCLK2Freq  stm32f4xx_hal_rcc.o
    0x08003804   0x08003804   0x000000b0   Code   RO          872    i.HAL_RCC_GetSysClockFreq  stm32f4xx_hal_rcc.o
    0x080038b4   0x080038b4   0x0000049c   Code   RO          875    i.HAL_RCC_OscConfig  stm32f4xx_hal_rcc.o
    0x08003d50   0x08003d50   0x00000034   Code   RO         1662    i.HAL_SYSTICK_Config  stm32f4xx_hal_cortex.o
    0x08003d84   0x08003d84   0x00000002   Code   RO         3251    i.HAL_TIMEx_BreakCallback  stm32f4xx_hal_tim_ex.o
    0x08003d86   0x08003d86   0x00000002   Code   RO         3252    i.HAL_TIMEx_CommutCallback  stm32f4xx_hal_tim_ex.o
    0x08003d88   0x08003d88   0x00000074   Code   RO         3254    i.HAL_TIMEx_ConfigBreakDeadTime  stm32f4xx_hal_tim_ex.o
    0x08003dfc   0x08003dfc   0x000000b4   Code   RO         3270    i.HAL_TIMEx_MasterConfigSynchronization  stm32f4xx_hal_tim_ex.o
    0x08003eb0   0x08003eb0   0x00000066   Code   RO         2536    i.HAL_TIM_Base_Init  stm32f4xx_hal_tim.o
    0x08003f16   0x08003f16   0x00000002   PAD
    0x08003f18   0x08003f18   0x000000f4   Code   RO          349    i.HAL_TIM_Base_MspInit  tim.o
    0x0800400c   0x0800400c   0x000000a8   Code   RO         2541    i.HAL_TIM_Base_Start_IT  stm32f4xx_hal_tim.o
    0x080040b4   0x080040b4   0x0000010c   Code   RO         2545    i.HAL_TIM_ConfigClockSource  stm32f4xx_hal_tim.o
    0x080041c0   0x080041c0   0x00000002   Code   RO         2570    i.HAL_TIM_IC_CaptureCallback  stm32f4xx_hal_tim.o
    0x080041c2   0x080041c2   0x00000196   Code   RO         2584    i.HAL_TIM_IRQHandler  stm32f4xx_hal_tim.o
    0x08004358   0x08004358   0x00000064   Code   RO          350    i.HAL_TIM_MspPostInit  tim.o
    0x080043bc   0x080043bc   0x00000002   Code   RO         2587    i.HAL_TIM_OC_DelayElapsedCallback  stm32f4xx_hal_tim.o
    0x080043be   0x080043be   0x00000104   Code   RO         2608    i.HAL_TIM_PWM_ConfigChannel  stm32f4xx_hal_tim.o
    0x080044c2   0x080044c2   0x00000066   Code   RO         2611    i.HAL_TIM_PWM_Init  stm32f4xx_hal_tim.o
    0x08004528   0x08004528   0x00000002   Code   RO         2613    i.HAL_TIM_PWM_MspInit  stm32f4xx_hal_tim.o
    0x0800452a   0x0800452a   0x00000002   Code   RO         2614    i.HAL_TIM_PWM_PulseFinishedCallback  stm32f4xx_hal_tim.o
    0x0800452c   0x0800452c   0x0000010c   Code   RO         2616    i.HAL_TIM_PWM_Start  stm32f4xx_hal_tim.o
    0x08004638   0x08004638   0x00000002   Code   RO         2622    i.HAL_TIM_PeriodElapsedCallback  stm32f4xx_hal_tim.o
    0x0800463a   0x0800463a   0x00000002   Code   RO         2627    i.HAL_TIM_TriggerCallback  stm32f4xx_hal_tim.o
    0x0800463c   0x0800463c   0x00000002   Code   RO         3529    i.HAL_UARTEx_RxEventCallback  stm32f4xx_hal_uart.o
    0x0800463e   0x0800463e   0x00000002   Code   RO         3543    i.HAL_UART_ErrorCallback  stm32f4xx_hal_uart.o
    0x08004640   0x08004640   0x00000014   Code   RO         3545    i.HAL_UART_GetState  stm32f4xx_hal_uart.o
    0x08004654   0x08004654   0x000002e0   Code   RO         3546    i.HAL_UART_IRQHandler  stm32f4xx_hal_uart.o
    0x08004934   0x08004934   0x00000072   Code   RO         3547    i.HAL_UART_Init     stm32f4xx_hal_uart.o
    0x080049a6   0x080049a6   0x00000002   PAD
    0x080049a8   0x080049a8   0x000000dc   Code   RO          409    i.HAL_UART_MspInit  usart.o
    0x08004a84   0x08004a84   0x00000002   Code   RO         3553    i.HAL_UART_RxCpltCallback  stm32f4xx_hal_uart.o
    0x08004a86   0x08004a86   0x00000002   PAD
    0x08004a88   0x08004a88   0x000000ac   Code   RO         3556    i.HAL_UART_Transmit_DMA  stm32f4xx_hal_uart.o
    0x08004b34   0x08004b34   0x00000002   Code   RO         3558    i.HAL_UART_TxCpltCallback  stm32f4xx_hal_uart.o
    0x08004b36   0x08004b36   0x00000002   Code   RO         3559    i.HAL_UART_TxHalfCpltCallback  stm32f4xx_hal_uart.o
    0x08004b38   0x08004b38   0x00000004   Code   RO          454    i.HardFault_Handler  stm32f4xx_it.o
    0x08004b3c   0x08004b3c   0x0000002c   Code   RO         3919    i.LowPassFilter     math_utils.o
    0x08004b68   0x08004b68   0x000000c8   Code   RO          242    i.MX_ADC1_Init      adc.o
    0x08004c30   0x08004c30   0x00000038   Code   RO          282    i.MX_DMA_Init       dma.o
    0x08004c68   0x08004c68   0x00000138   Code   RO          216    i.MX_GPIO_Init      gpio.o
    0x08004da0   0x08004da0   0x0000003c   Code   RO          308    i.MX_I2C2_Init      i2c.o
    0x08004ddc   0x08004ddc   0x00000114   Code   RO          351    i.MX_TIM1_Init      tim.o
    0x08004ef0   0x08004ef0   0x00000068   Code   RO          352    i.MX_TIM2_Init      tim.o
    0x08004f58   0x08004f58   0x0000006c   Code   RO          353    i.MX_TIM3_Init      tim.o
    0x08004fc4   0x08004fc4   0x00000038   Code   RO          410    i.MX_USART1_UART_Init  usart.o
    0x08004ffc   0x08004ffc   0x00000004   Code   RO          455    i.MemManage_Handler  stm32f4xx_it.o
    0x08005000   0x08005000   0x00000004   Code   RO          456    i.NMI_Handler       stm32f4xx_it.o
    0x08005004   0x08005004   0x000000a2   Code   RO         4043    i.PIDCalculate      pid.o
    0x080050a6   0x080050a6   0x00000016   Code   RO         4044    i.PID_Init          pid.o
    0x080050bc   0x080050bc   0x00000020   Code   RO         4103    i.PWM_Init          myfoc .o
    0x080050dc   0x080050dc   0x00000002   Code   RO          457    i.PendSV_Handler    stm32f4xx_it.o
    0x080050de   0x080050de   0x00000002   Code   RO          458    i.SVC_Handler       stm32f4xx_it.o
    0x080050e0   0x080050e0   0x0000004c   Code   RO         4104    i.Set_PWM           myfoc .o
    0x0800512c   0x0800512c   0x00000008   Code   RO          459    i.SysTick_Handler   stm32f4xx_it.o
    0x08005134   0x08005134   0x000000b4   Code   RO           14    i.SystemClock_Config  main.o
    0x080051e8   0x080051e8   0x00000014   Code   RO         3886    i.SystemInit        system_stm32f4xx.o
    0x080051fc   0x080051fc   0x00000034   Code   RO          460    i.TIM3_IRQHandler   stm32f4xx_it.o
    0x08005230   0x08005230   0x000000d8   Code   RO         2629    i.TIM_Base_SetConfig  stm32f4xx_hal_tim.o
    0x08005308   0x08005308   0x00000022   Code   RO         2630    i.TIM_CCxChannelCmd  stm32f4xx_hal_tim.o
    0x0800532a   0x0800532a   0x00000016   Code   RO         2640    i.TIM_ETR_SetConfig  stm32f4xx_hal_tim.o
    0x08005340   0x08005340   0x00000012   Code   RO         2641    i.TIM_ITRx_SetConfig  stm32f4xx_hal_tim.o
    0x08005352   0x08005352   0x00000002   PAD
    0x08005354   0x08005354   0x00000070   Code   RO         2642    i.TIM_OC1_SetConfig  stm32f4xx_hal_tim.o
    0x080053c4   0x080053c4   0x0000007c   Code   RO         2643    i.TIM_OC2_SetConfig  stm32f4xx_hal_tim.o
    0x08005440   0x08005440   0x00000078   Code   RO         2644    i.TIM_OC3_SetConfig  stm32f4xx_hal_tim.o
    0x080054b8   0x080054b8   0x00000054   Code   RO         2645    i.TIM_OC4_SetConfig  stm32f4xx_hal_tim.o
    0x0800550c   0x0800550c   0x00000026   Code   RO         2647    i.TIM_TI1_ConfigInputStage  stm32f4xx_hal_tim.o
    0x08005532   0x08005532   0x00000028   Code   RO         2649    i.TIM_TI2_ConfigInputStage  stm32f4xx_hal_tim.o
    0x0800555a   0x0800555a   0x00000014   Code   RO         3560    i.UART_DMAAbortOnError  stm32f4xx_hal_uart.o
    0x0800556e   0x0800556e   0x00000050   Code   RO         3561    i.UART_DMAError     stm32f4xx_hal_uart.o
    0x080055be   0x080055be   0x00000058   Code   RO         3566    i.UART_DMATransmitCplt  stm32f4xx_hal_uart.o
    0x08005616   0x08005616   0x0000000e   Code   RO         3568    i.UART_DMATxHalfCplt  stm32f4xx_hal_uart.o
    0x08005624   0x08005624   0x0000006c   Code   RO         3570    i.UART_EndRxTransfer  stm32f4xx_hal_uart.o
    0x08005690   0x08005690   0x00000020   Code   RO         3571    i.UART_EndTransmit_IT  stm32f4xx_hal_uart.o
    0x080056b0   0x080056b0   0x00000026   Code   RO         3572    i.UART_EndTxTransfer  stm32f4xx_hal_uart.o
    0x080056d6   0x080056d6   0x000000f8   Code   RO         3573    i.UART_Receive_IT   stm32f4xx_hal_uart.o
    0x080057ce   0x080057ce   0x00000002   PAD
    0x080057d0   0x080057d0   0x0000022c   Code   RO         3574    i.UART_SetConfig    stm32f4xx_hal_uart.o
    0x080059fc   0x080059fc   0x00000060   Code   RO         3577    i.UART_Transmit_IT  stm32f4xx_hal_uart.o
    0x08005a5c   0x08005a5c   0x00000010   Code   RO          461    i.USART1_IRQHandler  stm32f4xx_it.o
    0x08005a6c   0x08005a6c   0x00000004   Code   RO          462    i.UsageFault_Handler  stm32f4xx_it.o
    0x08005a70   0x08005a70   0x00000030   Code   RO         4713    i.__ARM_fpclassify  m_wm.l(fpclassify.o)
    0x08005aa0   0x08005aa0   0x00000010   Code   RO         1664    i.__NVIC_GetPriorityGrouping  stm32f4xx_hal_cortex.o
    0x08005ab0   0x08005ab0   0x00000028   Code   RO         1665    i.__NVIC_SetPriority  stm32f4xx_hal_cortex.o
    0x08005ad8   0x08005ad8   0x00000104   Code   RO         4462    i.__hardfp_fmod     m_wm.l(fmod.o)
    0x08005bdc   0x08005bdc   0x00000004   PAD
    0x08005be0   0x08005be0   0x00000020   Code   RO         4600    i.__mathlib_dbl_invalid  m_wm.l(dunder.o)
    0x08005c00   0x08005c00   0x0000000e   Code   RO         4539    i._is_digit         c_w.l(__printf_wp.o)
    0x08005c0e   0x08005c0e   0x00000002   PAD
    0x08005c10   0x08005c10   0x00000064   Code   RO         3920    i._normalizeAngle   math_utils.o
    0x08005c74   0x08005c74   0x000000c0   Code   RO         4105    i.adc_calibrate_offset  myfoc .o
    0x08005d34   0x08005d34   0x00000048   Code   RO         4106    i.adc_uesr_Init     myfoc .o
    0x08005d7c   0x08005d7c   0x00000070   Code   RO         3944    i.angle_PID_Config  motor.o
    0x08005dec   0x08005dec   0x00000090   Code   RO         4395    i.arm_cos_f32       arm_cos_f32.o
    0x08005e7c   0x08005e7c   0x000000b0   Code   RO         4423    i.arm_sin_f32       arm_sin_f32.o
    0x08005f2c   0x08005f2c   0x00000094   Code   RO         3945    i.close_Angle_Control  motor.o
    0x08005fc0   0x08005fc0   0x00000068   Code   RO         3946    i.close_Angle_LOG   motor.o
    0x08006028   0x08006028   0x00000050   Code   RO         4245    i.iic_ack           iic_1.o
    0x08006078   0x08006078   0x0000000e   Code   RO         4246    i.iic_delay         iic_1.o
    0x08006086   0x08006086   0x00000002   PAD
    0x08006088   0x08006088   0x00000080   Code   RO         4247    i.iic_init          iic_1.o
    0x08006108   0x08006108   0x00000040   Code   RO         4248    i.iic_nack          iic_1.o
    0x08006148   0x08006148   0x0000005c   Code   RO         4249    i.iic_read_byte     iic_1.o
    0x080061a4   0x080061a4   0x0000006c   Code   RO         4250    i.iic_send_byte     iic_1.o
    0x08006210   0x08006210   0x0000004c   Code   RO         4251    i.iic_start         iic_1.o
    0x0800625c   0x0800625c   0x00000040   Code   RO         4252    i.iic_stop          iic_1.o
    0x0800629c   0x0800629c   0x00000064   Code   RO         4253    i.iic_wait_ack      iic_1.o
    0x08006300   0x08006300   0x00000070   Code   RO           15    i.main              main.o
    0x08006370   0x08006370   0x000003a8   Code   RO         4107    i.setPhaseVoltage   myfoc .o
    0x08006718   0x08006718   0x00000070   Code   RO         3952    i.velocity_PID_Config  motor.o
    0x08006788   0x08006788   0x0000002c   Code   RO         4697    locale$$code        c_w.l(lc_numeric_c.o)
    0x080067b4   0x080067b4   0x0000002c   Code   RO         4720    locale$$code        c_w.l(lc_ctype_c.o)
    0x080067e0   0x080067e0   0x00000062   Code   RO         4458    x$fpl$d2f           fz_wm.l(d2f.o)
    0x08006842   0x08006842   0x00000002   PAD
    0x08006844   0x08006844   0x00000150   Code   RO         4572    x$fpl$dadd          fz_wm.l(daddsub_clz.o)
    0x08006994   0x08006994   0x000002b0   Code   RO         4652    x$fpl$ddiv          fz_wm.l(ddiv.o)
    0x08006c44   0x08006c44   0x0000009c   Code   RO         4578    x$fpl$dnaninf       fz_wm.l(dnaninf.o)
    0x08006ce0   0x08006ce0   0x00000150   Code   RO         4580    x$fpl$drem          fz_wm.l(drem_clz.o)
    0x08006e30   0x08006e30   0x0000000c   Code   RO         4582    x$fpl$dretinf       fz_wm.l(dretinf.o)
    0x08006e3c   0x08006e3c   0x00000016   Code   RO         4573    x$fpl$drsb          fz_wm.l(daddsub_clz.o)
    0x08006e52   0x08006e52   0x00000002   PAD
    0x08006e54   0x08006e54   0x000001d4   Code   RO         4574    x$fpl$dsub          fz_wm.l(daddsub_clz.o)
    0x08007028   0x08007028   0x00000056   Code   RO         4460    x$fpl$f2d           fz_wm.l(f2d.o)
    0x0800707e   0x0800707e   0x0000008c   Code   RO         4584    x$fpl$fnaninf       fz_wm.l(fnaninf.o)
    0x0800710a   0x0800710a   0x0000000a   Code   RO         4788    x$fpl$fpinit        fz_wm.l(fpinit.o)
    0x08007114   0x08007114   0x0000000a   Code   RO         4586    x$fpl$fretinf       fz_wm.l(fretinf.o)
    0x0800711e   0x0800711e   0x00000004   Code   RO         4588    x$fpl$printf1       fz_wm.l(printf1.o)
    0x08007122   0x08007122   0x00000004   Code   RO         4590    x$fpl$printf2       fz_wm.l(printf2.o)
    0x08007126   0x08007126   0x00000000   Code   RO         4596    x$fpl$usenofp       fz_wm.l(usenofp.o)
    0x08007126   0x08007126   0x00000008   Data   RO         1381    .constdata          stm32f4xx_hal_dma.o
    0x0800712e   0x0800712e   0x00000018   Data   RO         3887    .constdata          system_stm32f4xx.o
    0x08007146   0x08007146   0x00000002   PAD
    0x08007148   0x08007148   0x00034eca   Data   RO         4365    .constdata          arm_common_tables.o
    0x0803c012   0x0803c012   0x00000002   PAD
    0x0803c014   0x0803c014   0x00000008   Data   RO         4498    .constdata          c_w.l(_printf_wctomb.o)
    0x0803c01c   0x0803c01c   0x00000028   Data   RO         4527    .constdata          c_w.l(_printf_hex_int_ll_ptr.o)
    0x0803c044   0x0803c044   0x00000011   Data   RO         4547    .constdata          c_w.l(__printf_flags_ss_wp.o)
    0x0803c055   0x0803c055   0x00000026   Data   RO         4640    .constdata          c_w.l(_printf_fp_hex.o)
    0x0803c07b   0x0803c07b   0x00000001   PAD
    0x0803c07c   0x0803c07c   0x00000094   Data   RO         4672    .constdata          c_w.l(bigflt0.o)
    0x0803c110   0x0803c110   0x00000020   Data   RO         4846    Region$$Table       anon$$obj.o
    0x0803c130   0x0803c130   0x0000001c   Data   RO         4696    locale$$data        c_w.l(lc_numeric_c.o)
    0x0803c14c   0x0803c14c   0x00000110   Data   RO         4719    locale$$data        c_w.l(lc_ctype_c.o)


    Execution Region RW_IRAM1 (Exec base: 0x20000000, Load base: 0x0803c25c, Size: 0x00000980, Max: 0x0001c000, ABSOLUTE)

    Exec Addr    Load Addr    Size         Type   Attr      Idx    E Section Name        Object

    0x20000000   0x0803c25c   0x00000004   Data   RW          463    .data               stm32f4xx_it.o
    0x20000004   0x0803c260   0x00000009   Data   RW         1813    .data               stm32f4xx_hal.o
    0x2000000d   0x0803c269   0x00000003   PAD
    0x20000010   0x0803c26c   0x00000004   Data   RW         3888    .data               system_stm32f4xx.o
    0x20000014   0x0803c270   0x00000004   Data   RW         3921    .data               math_utils.o
    0x20000018   0x0803c274   0x0000002c   Data   RW         3954    .data               motor.o
    0x20000044   0x0803c2a0   0x0000002c   Data   RW         4109    .data               myfoc .o
    0x20000070   0x0803c2cc   0x00000014   Data   RW         4173    .data               as5600.o
    0x20000084        -       0x00000048   Zero   RW          243    .bss                adc.o
    0x200000cc        -       0x00000054   Zero   RW          309    .bss                i2c.o
    0x20000120        -       0x000000d8   Zero   RW          354    .bss                tim.o
    0x200001f8        -       0x000000a4   Zero   RW          411    .bss                usart.o
    0x2000029c        -       0x00000080   Zero   RW         3953    .bss                motor.o
    0x2000031c        -       0x00000060   Zero   RW         4658    .bss                c_w.l(libspace.o)
    0x2000037c   0x0803c2e0   0x00000004   PAD
    0x20000380        -       0x00000200   Zero   RW            2    HEAP                startup_stm32f407xx.o
    0x20000580        -       0x00000400   Zero   RW            1    STACK               startup_stm32f407xx.o


    Execution Region RW_IRAM2 (Exec base: 0x2001c000, Load base: 0x0803c2e0, Size: 0x00000000, Max: 0x00004000, ABSOLUTE)

    **** No section assigned to this execution region ****


==============================================================================

Image component sizes


      Code (inc. data)   RO Data    RW Data    ZI Data      Debug   Object Name

       344         26          0          0         72       2089   adc.o
         0          0     216778          0          0      18112   arm_common_tables.o
       144         12          0          0          0        766   arm_cos_f32.o
       176         18          0          0          0        954   arm_sin_f32.o
       416         66          0         20          0       4741   as5600.o
        56          4          0          0          0        878   dma.o
       312         18          0          0          0       1207   gpio.o
       196         26          0          0         84       1889   i2c.o
       818         42          0          0          0       7024   iic_1.o
       298         20          0          0          0     721978   main.o
       144         24          0          4          0       1350   math_utils.o
       476         92          0         44        128       3699   motor.o
      1464        108          0         44          0       6325   myfoc .o
       184          0          0          0          0       2014   pid.o
        68          6          0          0          0       1238   serial.o
        64         26        392          0       1536        900   startup_stm32f407xx.o
       212         36          0          9          0       9853   stm32f4xx_hal.o
      1212         28          0          0          0       5954   stm32f4xx_hal_adc.o
      1210         48          0          0          0       4422   stm32f4xx_hal_adc_ex.o
       304         22          0          0          0      34855   stm32f4xx_hal_cortex.o
      1436         16          8          0          0       7542   stm32f4xx_hal_dma.o
       528         46          0          0          0       3015   stm32f4xx_hal_gpio.o
       464         18          0          0          0       2183   stm32f4xx_hal_i2c.o
        80          6          0          0          0        974   stm32f4xx_hal_msp.o
      1820         84          0          0          0       6020   stm32f4xx_hal_rcc.o
      2394        142          0          0          0      18380   stm32f4xx_hal_tim.o
       300         30          0          0          0       3609   stm32f4xx_hal_tim_ex.o
      2332         26          0          0          0      15390   stm32f4xx_hal_uart.o
       134         28          0          4          0       7254   stm32f4xx_it.o
        20          6         24          4          0       1303   system_stm32f4xx.o
       832         54          0          0        216       4486   tim.o
       276         30          0          0        164       2025   usart.o

    ----------------------------------------------------------------------
     18736       1108     217238        132       2200     902429   Object Totals
         0          0         32          0          0          0   (incl. Generated)
        22          0          4          3          0          0   (incl. Padding)

    ----------------------------------------------------------------------

      Code (inc. data)   RO Data    RW Data    ZI Data      Debug   Library Member Name

         8          0          0          0          0         68   __main.o
       392          4         17          0          0         92   __printf_flags_ss_wp.o
        14          0          0          0          0         68   __printf_wp.o
         0          0          0          0          0          0   __rtentry.o
        12          0          0          0          0          0   __rtentry2.o
         6          0          0          0          0          0   __rtentry4.o
        52          8          0          0          0          0   __scatter.o
        26          0          0          0          0          0   __scatter_copy.o
        28          0          0          0          0          0   __scatter_zi.o
         6          0          0          0          0          0   _printf_a.o
         6          0          0          0          0          0   _printf_c.o
        44          0          0          0          0        108   _printf_char.o
        48          6          0          0          0         96   _printf_char_common.o
        40          0          0          0          0         68   _printf_charcount.o
         6          0          0          0          0          0   _printf_d.o
       120         16          0          0          0         92   _printf_dec.o
         6          0          0          0          0          0   _printf_e.o
         6          0          0          0          0          0   _printf_f.o
      1054          0          0          0          0        216   _printf_fp_dec.o
       764          8         38          0          0        100   _printf_fp_hex.o
       128         16          0          0          0         84   _printf_fp_infnan.o
         6          0          0          0          0          0   _printf_g.o
       148          4         40          0          0        160   _printf_hex_int_ll_ptr.o
         6          0          0          0          0          0   _printf_i.o
       178          0          0          0          0         88   _printf_intcommon.o
        10          0          0          0          0          0   _printf_l.o
         6          0          0          0          0          0   _printf_lc.o
        10          0          0          0          0          0   _printf_ll.o
         6          0          0          0          0          0   _printf_lld.o
         6          0          0          0          0          0   _printf_lli.o
         6          0          0          0          0          0   _printf_llo.o
         6          0          0          0          0          0   _printf_llu.o
         6          0          0          0          0          0   _printf_llx.o
       124         16          0          0          0         92   _printf_longlong_dec.o
         6          0          0          0          0          0   _printf_ls.o
         6          0          0          0          0          0   _printf_n.o
         6          0          0          0          0          0   _printf_o.o
       112         10          0          0          0        124   _printf_oct_int_ll.o
         6          0          0          0          0          0   _printf_p.o
        78          0          0          0          0        108   _printf_pad.o
         0          0          0          0          0          0   _printf_percent.o
         4          0          0          0          0          0   _printf_percent_end.o
         6          0          0          0          0          0   _printf_s.o
        82          0          0          0          0         80   _printf_str.o
        36          0          0          0          0         84   _printf_truncate.o
         6          0          0          0          0          0   _printf_u.o
        44          0          0          0          0        108   _printf_wchar.o
       188          6          8          0          0         92   _printf_wctomb.o
         6          0          0          0          0          0   _printf_x.o
        22          0          0          0          0        100   _rserrno.o
        10          0          0          0          0         68   _sputc.o
        64          0          0          0          0         92   _wcrtomb.o
       228          4        148          0          0         96   bigflt0.o
      1936        128          0          0          0        672   btod.o
        18          0          0          0          0         80   exit.o
         6          0          0          0          0        152   heapauxi.o
         0          0          0          0          0          0   indicate_semi.o
        44         10        272          0          0         76   lc_ctype_c.o
        44         10         28          0          0         76   lc_numeric_c.o
         2          0          0          0          0          0   libinit.o
        34          0          0          0          0          0   libinit2.o
         2          0          0          0          0          0   libshutdown.o
         2          0          0          0          0          0   libshutdown2.o
         8          4          0          0         96         68   libspace.o
       138          0          0          0          0         80   lludiv10.o
       238          0          0          0          0        100   lludivv7m.o
        16          4          0          0          0         76   rt_ctype_table.o
         8          4          0          0          0         68   rt_errno_addr_intlibspace.o
         8          4          0          0          0         68   rt_locale_intlibspace.o
        78          0          0          0          0         80   rt_memclr_w.o
         2          0          0          0          0          0   rtexit.o
        10          0          0          0          0          0   rtexit2.o
       128          0          0          0          0         68   strcmpv7m.o
        62          0          0          0          0         76   strlen.o
        12          4          0          0          0         68   sys_exit.o
        74          0          0          0          0         80   sys_stackheap_outer.o
         2          0          0          0          0         68   use_no_semi.o
        36          4          0          0          0         76   vsprintf.o
        98          4          0          0          0        140   d2f.o
       826         16          0          0          0        492   daddsub_clz.o
       688        140          0          0          0        256   ddiv.o
       156          4          0          0          0        140   dnaninf.o
       336         12          0          0          0        136   drem_clz.o
        12          0          0          0          0        116   dretinf.o
        86          4          0          0          0        132   f2d.o
       140          4          0          0          0        132   fnaninf.o
        10          0          0          0          0        116   fpinit.o
        10          0          0          0          0        116   fretinf.o
         4          0          0          0          0        116   printf1.o
         4          0          0          0          0        116   printf2.o
         0          0          0          0          0          0   usenofp.o
        32          8          0          0          0        124   dunder.o
       260          6          0          0          0        144   fmod.o
        48          0          0          0          0        124   fpclassify.o

    ----------------------------------------------------------------------
      9838        472        552          0        100       6716   Library Totals
        26          4          1          0          4          0   (incl. Padding)

    ----------------------------------------------------------------------

      Code (inc. data)   RO Data    RW Data    ZI Data      Debug   Library Name

      7102        270        551          0         96       4316   c_w.l
      2370        184          0          0          0       2008   fz_wm.l
       340         14          0          0          0        392   m_wm.l

    ----------------------------------------------------------------------
      9838        472        552          0        100       6716   Library Totals

    ----------------------------------------------------------------------

==============================================================================


      Code (inc. data)   RO Data    RW Data    ZI Data      Debug   

     28574       1580     217790        132       2300     891305   Grand Totals
     28574       1580     217790        132       2300     891305   ELF Image Totals
     28574       1580     217790        132          0          0   ROM Totals

==============================================================================

    Total RO  Size (Code + RO Data)               246364 ( 240.59kB)
    Total RW  Size (RW Data + ZI Data)              2432 (   2.38kB)
    Total ROM Size (Code + RO Data + RW Data)     246496 ( 240.72kB)

==============================================================================

